******************************************************************************
             TMS320C2000 Linker PC v22.6.3                     
******************************************************************************
>> Linked Mon Mar  2 16:13:01 2026

OUTPUT FILE NAME:   <dab.out>
ENTRY POINT SYMBOL: "code_start"  address: 00000000


MEMORY CONFIGURATION

         name            origin    length      used     unused   attr    fill
----------------------  --------  ---------  --------  --------  ----  --------
PAGE 0:
  BEGIN                 00000000   00000002  00000002  00000000  RWIX
  RAMM0                 00000123   000002dd  00000020  000002bd  RWIX
  RAMLS0                00008000   00000800  00000800  00000000  RWIX
  RAMLS1                00008800   00000800  000007f2  0000000e  RWIX
  RAMLS2                00009000   00000800  00000000  00000800  RWIX
  RAMLS3                00009800   00000800  00000000  00000800  RWIX
  RAMLS4                0000a000   00000800  00000000  00000800  RWIX
  RAMD0                 0000b000   00000800  00000800  00000000  RWIX
  FLASHA                00080002   00001ffe  00000000  00001ffe  RWIX
  FLASHB                00082000   00002000  00000000  00002000  RWIX
  FLASHC                00084000   00002000  00000000  00002000  RWIX
  FLASHD                00086000   00002000  00000000  00002000  RWIX
  FLASHE                00088000   00008000  00000000  00008000  RWIX
  FLASHF                00090000   00008000  00000000  00008000  RWIX
  FLASHG                00098000   00008000  00000000  00008000  RWIX
  FLASHH                000a0000   00008000  00000000  00008000  RWIX
  FLASHI                000a8000   00008000  00000000  00008000  RWIX
  FLASHJ                000b0000   00008000  00000000  00008000  RWIX
  FLASHK                000b8000   00002000  00000000  00002000  RWIX
  FLASHL                000ba000   00002000  00000000  00002000  RWIX
  FLASHM                000bc000   00002000  00000000  00002000  RWIX
  FLASHN                000be000   00001ff0  00000000  00001ff0  RWIX
  RESET                 003fffc0   00000002  00000000  00000002  RWIX

PAGE 1:
  BOOT_RSVD             00000002   00000121  00000000  00000121  RWIX
  RAMM1                 00000400   000003f8  000003f8  00000000  RWIX
  RAMLS5                0000a800   00000800  00000387  00000479  RWIX
  RAMD1                 0000b800   00000800  00000000  00000800  RWIX
  RAMGS0                0000c000   00001000  00000000  00001000  RWIX
  RAMGS1                0000d000   00001000  00000000  00001000  RWIX
  RAMGS2                0000e000   00001000  00000000  00001000  RWIX
  RAMGS3                0000f000   00001000  00000000  00001000  RWIX
  RAMGS4                00010000   00001000  00000000  00001000  RWIX
  RAMGS5                00011000   00001000  00000000  00001000  RWIX
  RAMGS6                00012000   00001000  00000000  00001000  RWIX
  RAMGS7                00013000   00001000  00000000  00001000  RWIX
  RAMGS8                00014000   00001000  00000000  00001000  RWIX
  RAMGS9                00015000   00001000  00000000  00001000  RWIX
  RAMGS10               00016000   00001000  00000000  00001000  RWIX
  RAMGS11               00017000   00001000  00000000  00001000  RWIX
  RAMGS12               00018000   00001000  00000000  00001000  RWIX
  RAMGS13               00019000   00001000  00000000  00001000  RWIX
  RAMGS14               0001a000   00001000  00000000  00001000  RWIX
  RAMGS15               0001b000   00000ff8  00000000  00000ff8  RWIX
  CPU2TOCPU1RAM         0003f800   00000400  00000000  00000400  RWIX
  CPU1TOCPU2RAM         0003fc00   00000400  00000000  00000400  RWIX
  CANA_MSG_RAM          00049000   00000800  00000000  00000800  RWIX
  CANB_MSG_RAM          0004b000   00000800  00000000  00000800  RWIX


SECTION ALLOCATION MAP

 output                                  attributes/
section   page    origin      length       input sections
--------  ----  ----------  ----------   ----------------
codestart 
*          0    00000000    00000002     
                  00000000    00000002     F2837xD_CodeStartBranch.obj (codestart)

.cinit     0    00000128    0000001c     
                  00000128    0000000a     (.cinit..data.load) [load image, compression = lzss]
                  00000132    00000006     (__TI_handler_table)
                  00000138    00000004     (.cinit..bss.load) [load image, compression = zero_init]
                  0000013c    00000008     (__TI_cinit_table)

.reset     0    003fffc0    00000000     DSECT

.stack     1    00000400    000003f8     UNINITIALIZED
                  00000400    000003f8     --HOLE--

.bss       1    0000ab84    00000003     UNINITIALIZED
                  0000ab84    00000002     clock.obj (.bss)
                  0000ab86    00000001     epwm.obj (.bss)

.init_array 
*          0    00000123    00000000     UNINITIALIZED

.const     1    0000a800    00000370     
                  0000a800    000000c2     driverlib_eabi.lib : sysctl.obj (.const:.string)
                  0000a8c2    000000bc                        : gpio.obj (.const:.string)
                  0000a97e    000000ba     adc.obj (.const:.string)
                  0000aa38    0000005d     driverlib_eabi.lib : adc.obj (.const:.string)
                  0000aa95    00000001     --HOLE-- [fill = 0]
                  0000aa96    00000042     timer.obj (.const:.string)
                  0000aad8    0000003e     epwm.obj (.const:.string)
                  0000ab16    0000003e     xbar.obj (.const:.string)
                  0000ab54    00000013     device.obj (.const:.string)
                  0000ab67    00000001     --HOLE-- [fill = 0]
                  0000ab68    00000008     epwm.obj (.const:$P$T0$1)

.data      1    0000ab70    00000014     UNINITIALIZED
                  0000ab70    00000006     device.obj (.data)
                  0000ab76    00000006     rts2800_fpu32_eabi.lib : exit.c.obj (.data)
                  0000ab7c    00000004     timer.obj (.data)
                  0000ab80    00000002     rts2800_fpu32_eabi.lib : _lock.c.obj (.data:_lock)
                  0000ab82    00000002                            : _lock.c.obj (.data:_unlock)

.TI.ramfunc 
*          0    00000123    00000004     
                  00000123    00000004     driverlib_eabi.lib : sysctl.obj (.TI.ramfunc)

GETBUFFER 
*          0    0003f800    00000000     DSECT

GETWRITEIDX 
*          0    0003f800    00000000     DSECT

PUTREADIDX 
*          0    0003f800    00000000     DSECT

.text.1    0    00008000    00000800     
                  00008000    000003fd     device.obj (.text)
                  000083fd    00000209     driverlib_eabi.lib : sysctl.obj (.text:SysCtl_setClock)
                  00008606    0000010a     timer.obj (.text)
                  00008710    000000b1     gpio.obj (.text)
                  000087c1    0000003d     driverlib_eabi.lib : interrupt.obj (.text:Interrupt_initModule)
                  000087fe    00000002     rts2800_fpu32_eabi.lib : pre_init.c.obj (.text)

.text.2    0    00008800    000007f2     
                  00008800    0000008b     adc.obj (.text:retain)
                  0000888b    00000088     rts2800_fpu32_eabi.lib : fs_div28.asm.obj (.text)
                  00008913    0000006f     driverlib_eabi.lib : adc.obj (.text:ADC_setINLTrim)
                  00008982    00000068                        : sysctl.obj (.text:SysCtl_getDeviceParametric)
                  000089ea    00000060                        : adc.obj (.text:ADC_setOffsetTrim)
                  00008a4a    00000052                        : gpio.obj (.text:GPIO_setPadConfig)
                  00008a9c    00000051                        : sysctl.obj (.text:SysCtl_getClock)
                  00008aed    00000048                        : sysctl.obj (.text:SysCtl_selectOscSource)
                  00008b35    00000046     main.obj (.text)
                  00008b7b    00000040     xbar.obj (.text)
                  00008bbb    00000037     driverlib_eabi.lib : gpio.obj (.text:GPIO_setControllerCore)
                  00008bf2    00000037                        : gpio.obj (.text:GPIO_setPinConfig)
                  00008c29    00000037                        : gpio.obj (.text:GPIO_setQualificationMode)
                  00008c60    00000037                        : interrupt.obj (.text:Interrupt_enable)
                  00008c97    00000037     clock.obj (.text)
                  00008cce    00000034     timer.obj (.text:retain)
                  00008d02    00000031     driverlib_eabi.lib : gpio.obj (.text:GPIO_setDirectionMode)
                  00008d33    0000002f                        : adc.obj (.text:ADC_setMode)
                  00008d62    0000002e                        : xbar.obj (.text:XBAR_setOutputMuxConfig)
                  00008d90    0000002e     rts2800_fpu32_eabi.lib : copy_decompress_lzss.c.obj (.text:decompress:lzss)
                  00008dbe    0000002b                            : autoinit.c.obj (.text:__TI_auto_init_nobinit_nopinit)
                  00008de9    00000029                            : exit.c.obj (.text)
                  00008e12    00000028     driverlib_eabi.lib : sysctl.obj (.text:CPUTimer_selectClockSource)
                  00008e3a    0000001f                        : sysctl.obj (.text:CPUTimer_getTimerOverflowStatus)
                  00008e59    0000001e                        : interrupt.obj (.text:Interrupt_initVectorTable)
                  00008e77    0000001d     rts2800_fpu32_eabi.lib : memcpy.c.obj (.text)
                  00008e94    0000001b     driverlib_eabi.lib : adc.obj (.text:ADC_isBaseValid)
                  00008eaf    0000001a                        : sysctl.obj (.text:CPUTimer_startTimer)
                  00008ec9    0000001a                        : sysctl.obj (.text:SysCtl_getLowSpeedClock)
                  00008ee3    00000017     rts2800_fpu32_eabi.lib : boot28.asm.obj (.text)
                  00008efa    00000016     driverlib_eabi.lib : interrupt.obj (.text:Interrupt_defaultHandler)
                  00008f10    00000014                        : sysctl.obj (.text:CPUTimer_stopTimer)
                  00008f24    00000012                        : sysctl.obj (.text:CPUTimer_clearOverflowFlag)
                  00008f36    00000012                        : sysctl.obj (.text:CPUTimer_disableInterrupt)
                  00008f48    00000011                        : sysctl.obj (.text:CPUTimer_setPeriod)
                  00008f59    0000000f                        : sysctl.obj (.text:SysCtl_pollCpuTimer)
                  00008f68    0000000e                        : gpio.obj (.text:GPIO_isPinValid)
                  00008f76    0000000d                        : interrupt.obj (.text:Interrupt_disableGlobal)
                  00008f83    0000000d                        : interrupt.obj (.text:Interrupt_enableGlobal)
                  00008f90    0000000d     rts2800_fpu32_eabi.lib : copy_zero_init.c.obj (.text:decompress:ZI:__TI_zero_init_nomemset)
                  00008f9d    0000000c                            : args_main.c.obj (.text)
                  00008fa9    0000000b     driverlib_eabi.lib : sysctl.obj (.text:SysCtl_isMCDClockFailureDetected)
                  00008fb4    0000000a                        : interrupt.obj (.text:Interrupt_illegalOperationHandler)
                  00008fbe    0000000a                        : interrupt.obj (.text:Interrupt_nmiHandler)
                  00008fc8    00000009                        : sysctl.obj (.text:SysCtl_serviceWatchdog)
                  00008fd1    00000009     rts2800_fpu32_eabi.lib : _lock.c.obj (.text)
                  00008fda    00000008     F2837xD_CodeStartBranch.obj (.text)
                  00008fe2    00000008     rts2800_fpu32_eabi.lib : copy_decompress_none.c.obj (.text:decompress:none)
                  00008fea    00000007     driverlib_eabi.lib : sysctl.obj (.text:SysCtl_resetMCD)
                  00008ff1    00000001     rts2800_fpu32_eabi.lib : startup.c.obj (.text)

.text.3    0    0000b000    00000800     
                  0000b000    00000533     epwm.obj (.text)
                  0000b533    00000226     adc.obj (.text)
                  0000b759    00000090     driverlib_eabi.lib : sysctl.obj (.text:SysCtl_selectXTAL)
                  0000b7e9    00000017                        : sysctl.obj (.text:CPUTimer_isBaseValid)

MODULE SUMMARY

       Module                        code   ro data   rw data
       ------                        ----   -------   -------
    .\device\
       device.obj                    1021   19        6      
       F2837xD_CodeStartBranch.obj   10     0         0      
    +--+-----------------------------+------+---------+---------+
       Total:                        1031   19        6      
                                                             
    .\src\
       epwm.obj                      1331   70        1      
       adc.obj                       689    186       0      
       timer.obj                     318    66        4      
       gpio.obj                      177    0         0      
       xbar.obj                      64     62        0      
       main.obj                      70     0         0      
       clock.obj                     55     0         2      
    +--+-----------------------------+------+---------+---------+
       Total:                        2704   384       7      
                                                             
    C:\ti\C2000Ware_6_00_01_00\driverlib\f2837xd\driverlib\ccs\Debug\driverlib_eabi.lib
       sysctl.obj                    1187   194       0      
       gpio.obj                      310    188       0      
       adc.obj                       281    93        0      
       interrupt.obj                 214    0         0      
       xbar.obj                      46     0         0      
    +--+-----------------------------+------+---------+---------+
       Total:                        2038   475       0      
                                                             
    C:\ti\ccs2040\ccs\tools\compiler\ti-cgt-c2000_22.6.3.LTS\lib\rts2800_fpu32_eabi.lib
       fs_div28.asm.obj              136    0         0      
       exit.c.obj                    41     0         6      
       copy_decompress_lzss.c.obj    46     0         0      
       autoinit.c.obj                43     0         0      
       memcpy.c.obj                  29     0         0      
       boot28.asm.obj                23     0         0      
       _lock.c.obj                   9      0         4      
       copy_zero_init.c.obj          13     0         0      
       args_main.c.obj               12     0         0      
       copy_decompress_none.c.obj    8      0         0      
       pre_init.c.obj                2      0         0      
       startup.c.obj                 1      0         0      
    +--+-----------------------------+------+---------+---------+
       Total:                        363    0         10     
                                                             
       Stack:                        0      0         1016   
       Linker Generated:             0      28        0      
    +--+-----------------------------+------+---------+---------+
       Grand Total:                  6136   906       1039   


LINKER GENERATED COPY TABLES

__TI_cinit_table @ 0000013c records: 2, size/record: 4, table size: 8
	.data: load addr=00000128, load size=0000000a bytes, run addr=0000ab70, run size=00000014 bytes, compression=lzss
	.bss: load addr=00000138, load size=00000004 bytes, run addr=0000ab84, run size=00000003 bytes, compression=zero_init


LINKER GENERATED HANDLER TABLE

__TI_handler_table @ 00000132 records: 3, size/record: 2, table size: 6
	index: 0, handler: __TI_zero_init
	index: 1, handler: __TI_decompress_lzss
	index: 2, handler: __TI_decompress_none


GLOBAL DATA SYMBOLS: SORTED BY DATA PAGE

address     data page           name
--------    ----------------    ----
00000400      10 (00000400)     __stack

0000ab70     2ad (0000ab40)     Example_Result
0000ab72     2ad (0000ab40)     Example_PassCount
0000ab74     2ad (0000ab40)     Example_Fail
0000ab76     2ad (0000ab40)     __TI_enable_exit_profile_output
0000ab78     2ad (0000ab40)     __TI_cleanup_ptr
0000ab7a     2ad (0000ab40)     __TI_dtors_ptr
0000ab7c     2ad (0000ab40)     led1_is_on
0000ab7e     2ad (0000ab40)     timer1_counter

0000ab80     2ae (0000ab80)     _lock
0000ab82     2ae (0000ab80)     _unlock
0000ab84     2ae (0000ab80)     sysclk_frequency
0000ab86     2ae (0000ab80)     TBPRD


GLOBAL SYMBOLS: SORTED ALPHABETICALLY BY Name 

page  address   name                                     
----  -------   ----                                     
0     00008913  ADC_setINLTrim                           
0     00008d33  ADC_setMode                              
0     000089ea  ADC_setOffsetTrim                        
0     00008de9  C$$EXIT                                  
0     00008271  Device_bootCPU2                          
0     00008240  Device_configureTMXAnalogTrim            
0     000080ee  Device_enableAllPeripherals              
0     0000822a  Device_enableUnbondedGPIOPullups         
0     0000820d  Device_enableUnbondedGPIOPullupsFor100Pin
0     000081fa  Device_enableUnbondedGPIOPullupsFor176Pin
0     000080ae  Device_init                              
0     000081d9  Device_initGPIO                          
1     0000ab74  Example_Fail                             
1     0000ab72  Example_PassCount                        
1     0000ab70  Example_Result                           
0     000083fc  Example_done                             
0     000083f7  Example_setResultFail                    
0     000083f2  Example_setResultPass                    
0     00008bbb  GPIO_setControllerCore                   
0     00008d02  GPIO_setDirectionMode                    
0     00008a4a  GPIO_setPadConfig                        
0     00008bf2  GPIO_setPinConfig                        
0     00008c29  GPIO_setQualificationMode                
0     00008efa  Interrupt_defaultHandler                 
0     00008c60  Interrupt_enable                         
0     00008fb4  Interrupt_illegalOperationHandler        
0     000087c1  Interrupt_initModule                     
0     00008e59  Interrupt_initVectorTable                
0     00008fbe  Interrupt_nmiHandler                     
0     00000123  SysCtl_delay                             
0     00008a9c  SysCtl_getClock                          
0     00008982  SysCtl_getDeviceParametric               
0     00008ec9  SysCtl_getLowSpeedClock                  
0     00008aed  SysCtl_selectOscSource                   
0     0000b759  SysCtl_selectXTAL                        
0     000083fd  SysCtl_setClock                          
1     0000ab86  TBPRD                                    
0     00008d62  XBAR_setOutputMuxConfig                  
0     0000013c  __TI_CINIT_Base                          
0     00000144  __TI_CINIT_Limit                         
0     00000144  __TI_CINIT_Warm                          
0     00000132  __TI_Handler_Table_Base                  
0     00000138  __TI_Handler_Table_Limit                 
1     000007f8  __TI_STACK_END                           
abs   000003f8  __TI_STACK_SIZE                          
0     00008dbe  __TI_auto_init_nobinit_nopinit           
1     0000ab78  __TI_cleanup_ptr                         
0     00008d90  __TI_decompress_lzss                     
0     00008fe2  __TI_decompress_none                     
1     0000ab7a  __TI_dtors_ptr                           
1     0000ab76  __TI_enable_exit_profile_output          
abs   ffffffff  __TI_pprof_out_hndl                      
abs   ffffffff  __TI_prof_data_size                      
abs   ffffffff  __TI_prof_data_start                     
0     00008f90  __TI_zero_init_nomemset                  
0     0000888b  __c28xabi_divf                           
n/a   UNDEFED   __c_args__                               
0     000083eb  __error__                                
1     00000400  __stack                                  
0     00008f9d  _args_main                               
0     00008ee3  _c_int00                                 
1     0000ab80  _lock                                    
0     00008fd9  _nop                                     
0     00008fd5  _register_lock                           
0     00008fd1  _register_unlock                         
0     00008ff1  _system_post_cinit                       
0     000087fe  _system_pre_init                         
1     0000ab82  _unlock                                  
0     00008de9  abort                                    
0     0000b70e  adc_init                                 
0     00008800  adc_isr                                  
0     00008cb7  clock_init                               
0     00000000  code_start                               
0     00008cce  cpu_timer1_isr                           
0     0000b3b6  epwm_init                                
0     00008deb  exit                                     
0     00008710  gpio_init                                
1     0000ab7c  led1_is_on                               
0     00008b6e  main                                     
0     00008e77  memcpy                                   
1     0000ab84  sysclk_frequency                         
0     00008b59  system_init                              
1     0000ab7e  timer1_counter                           
0     000086d4  timer_init                               
0     00008b9e  xbar_init                                


GLOBAL SYMBOLS: SORTED BY Symbol Address 

page  address   name                                     
----  -------   ----                                     
0     00000000  code_start                               
0     00000123  SysCtl_delay                             
0     00000132  __TI_Handler_Table_Base                  
0     00000138  __TI_Handler_Table_Limit                 
0     0000013c  __TI_CINIT_Base                          
0     00000144  __TI_CINIT_Limit                         
0     00000144  __TI_CINIT_Warm                          
0     000080ae  Device_init                              
0     000080ee  Device_enableAllPeripherals              
0     000081d9  Device_initGPIO                          
0     000081fa  Device_enableUnbondedGPIOPullupsFor176Pin
0     0000820d  Device_enableUnbondedGPIOPullupsFor100Pin
0     0000822a  Device_enableUnbondedGPIOPullups         
0     00008240  Device_configureTMXAnalogTrim            
0     00008271  Device_bootCPU2                          
0     000083eb  __error__                                
0     000083f2  Example_setResultPass                    
0     000083f7  Example_setResultFail                    
0     000083fc  Example_done                             
0     000083fd  SysCtl_setClock                          
0     000086d4  timer_init                               
0     00008710  gpio_init                                
0     000087c1  Interrupt_initModule                     
0     000087fe  _system_pre_init                         
0     00008800  adc_isr                                  
0     0000888b  __c28xabi_divf                           
0     00008913  ADC_setINLTrim                           
0     00008982  SysCtl_getDeviceParametric               
0     000089ea  ADC_setOffsetTrim                        
0     00008a4a  GPIO_setPadConfig                        
0     00008a9c  SysCtl_getClock                          
0     00008aed  SysCtl_selectOscSource                   
0     00008b59  system_init                              
0     00008b6e  main                                     
0     00008b9e  xbar_init                                
0     00008bbb  GPIO_setControllerCore                   
0     00008bf2  GPIO_setPinConfig                        
0     00008c29  GPIO_setQualificationMode                
0     00008c60  Interrupt_enable                         
0     00008cb7  clock_init                               
0     00008cce  cpu_timer1_isr                           
0     00008d02  GPIO_setDirectionMode                    
0     00008d33  ADC_setMode                              
0     00008d62  XBAR_setOutputMuxConfig                  
0     00008d90  __TI_decompress_lzss                     
0     00008dbe  __TI_auto_init_nobinit_nopinit           
0     00008de9  C$$EXIT                                  
0     00008de9  abort                                    
0     00008deb  exit                                     
0     00008e59  Interrupt_initVectorTable                
0     00008e77  memcpy                                   
0     00008ec9  SysCtl_getLowSpeedClock                  
0     00008ee3  _c_int00                                 
0     00008efa  Interrupt_defaultHandler                 
0     00008f90  __TI_zero_init_nomemset                  
0     00008f9d  _args_main                               
0     00008fb4  Interrupt_illegalOperationHandler        
0     00008fbe  Interrupt_nmiHandler                     
0     00008fd1  _register_unlock                         
0     00008fd5  _register_lock                           
0     00008fd9  _nop                                     
0     00008fe2  __TI_decompress_none                     
0     00008ff1  _system_post_cinit                       
0     0000b3b6  epwm_init                                
0     0000b70e  adc_init                                 
0     0000b759  SysCtl_selectXTAL                        
1     00000400  __stack                                  
1     000007f8  __TI_STACK_END                           
1     0000ab70  Example_Result                           
1     0000ab72  Example_PassCount                        
1     0000ab74  Example_Fail                             
1     0000ab76  __TI_enable_exit_profile_output          
1     0000ab78  __TI_cleanup_ptr                         
1     0000ab7a  __TI_dtors_ptr                           
1     0000ab7c  led1_is_on                               
1     0000ab7e  timer1_counter                           
1     0000ab80  _lock                                    
1     0000ab82  _unlock                                  
1     0000ab84  sysclk_frequency                         
1     0000ab86  TBPRD                                    
abs   000003f8  __TI_STACK_SIZE                          
abs   ffffffff  __TI_pprof_out_hndl                      
abs   ffffffff  __TI_prof_data_size                      
abs   ffffffff  __TI_prof_data_start                     
n/a   UNDEFED   __c_args__                               

[85 symbols]
