******************************************************************************
             TMS320C2000 Linker PC v22.6.3                     
******************************************************************************
>> Linked Fri Feb 20 18:02:58 2026

OUTPUT FILE NAME:   <dab.out>
ENTRY POINT SYMBOL: "code_start"  address: 00000000


MEMORY CONFIGURATION

         name            origin    length      used     unused   attr    fill
----------------------  --------  ---------  --------  --------  ----  --------
PAGE 0:
  BEGIN                 00000000   00000002  00000002  00000000  RWIX
  RAMM0                 00000123   000002dd  00000016  000002c7  RWIX
  RAMLS0                00008000   00000800  000007a3  0000005d  RWIX
  RAMLS1                00008800   00000800  00000000  00000800  RWIX
  RAMLS2                00009000   00000800  00000000  00000800  RWIX
  RAMLS3                00009800   00000800  00000000  00000800  RWIX
  RAMLS4                0000a000   00000800  00000000  00000800  RWIX
  RAMD0                 0000b000   00000800  000007fd  00000003  RWIX
  FLASHA                00080002   00001ffe  00000000  00001ffe  RWIX
  FLASHB                00082000   00002000  00000000  00002000  RWIX
  FLASHC                00084000   00002000  00000000  00002000  RWIX
  FLASHD                00086000   00002000  00000000  00002000  RWIX
  FLASHE                00088000   00008000  00000000  00008000  RWIX
  FLASHF                00090000   00008000  00000000  00008000  RWIX
  FLASHG                00098000   00008000  00000000  00008000  RWIX
  FLASHH                000a0000   00008000  00000000  00008000  RWIX
  FLASHI                000a8000   00008000  00000000  00008000  RWIX
  FLASHJ                000b0000   00008000  00000000  00008000  RWIX
  FLASHK                000b8000   00002000  00000000  00002000  RWIX
  FLASHL                000ba000   00002000  00000000  00002000  RWIX
  FLASHM                000bc000   00002000  00000000  00002000  RWIX
  FLASHN                000be000   00001ff0  00000000  00001ff0  RWIX
  RESET                 003fffc0   00000002  00000000  00000002  RWIX

PAGE 1:
  BOOT_RSVD             00000002   00000121  00000000  00000121  RWIX
  RAMM1                 00000400   000003f8  000003f8  00000000  RWIX
  RAMLS5                0000a800   00000800  0000021d  000005e3  RWIX
  RAMD1                 0000b800   00000800  00000000  00000800  RWIX
  RAMGS0                0000c000   00001000  00000000  00001000  RWIX
  RAMGS1                0000d000   00001000  00000000  00001000  RWIX
  RAMGS2                0000e000   00001000  00000000  00001000  RWIX
  RAMGS3                0000f000   00001000  00000000  00001000  RWIX
  RAMGS4                00010000   00001000  00000000  00001000  RWIX
  RAMGS5                00011000   00001000  00000000  00001000  RWIX
  RAMGS6                00012000   00001000  00000000  00001000  RWIX
  RAMGS7                00013000   00001000  00000000  00001000  RWIX
  RAMGS8                00014000   00001000  00000000  00001000  RWIX
  RAMGS9                00015000   00001000  00000000  00001000  RWIX
  RAMGS10               00016000   00001000  00000000  00001000  RWIX
  RAMGS11               00017000   00001000  00000000  00001000  RWIX
  RAMGS12               00018000   00001000  00000000  00001000  RWIX
  RAMGS13               00019000   00001000  00000000  00001000  RWIX
  RAMGS14               0001a000   00001000  00000000  00001000  RWIX
  RAMGS15               0001b000   00000ff8  00000000  00000ff8  RWIX
  CPU2TOCPU1RAM         0003f800   00000400  00000000  00000400  RWIX
  CPU1TOCPU2RAM         0003fc00   00000400  00000000  00000400  RWIX
  CANA_MSG_RAM          00049000   00000800  00000000  00000800  RWIX
  CANB_MSG_RAM          0004b000   00000800  00000000  00000800  RWIX


SECTION ALLOCATION MAP

 output                                  attributes/
section   page    origin      length       input sections
--------  ----  ----------  ----------   ----------------
codestart 
*          0    00000000    00000002     
                  00000000    00000002     F2837xD_CodeStartBranch.obj (codestart)

.cinit     0    00000128    00000012     
                  00000128    00000009     (.cinit..data.load) [load image, compression = lzss]
                  00000131    00000001     --HOLE-- [fill = 0]
                  00000132    00000004     (__TI_handler_table)
                  00000136    00000004     (__TI_cinit_table)

.reset     0    003fffc0    00000000     DSECT

.stack     1    00000400    000003f8     UNINITIALIZED
                  00000400    000003f8     --HOLE--

.init_array 
*          0    00000123    00000000     UNINITIALIZED

.const     1    0000a800    0000020d     
                  0000a800    000000c2     driverlib_eabi.lib : sysctl.obj (.const:.string)
                  0000a8c2    000000bc                        : gpio.obj (.const:.string)
                  0000a97e    0000007c     main.obj (.const:.string)
                  0000a9fa    00000013     device.obj (.const:.string)

.data      1    0000aa0e    00000010     UNINITIALIZED
                  0000aa0e    00000006     device.obj (.data)
                  0000aa14    00000006     rts2800_fpu32_eabi.lib : exit.c.obj (.data)
                  0000aa1a    00000002                            : _lock.c.obj (.data:_lock)
                  0000aa1c    00000002                            : _lock.c.obj (.data:_unlock)

.TI.ramfunc 
*          0    00000123    00000004     
                  00000123    00000004     driverlib_eabi.lib : sysctl.obj (.TI.ramfunc)

GETBUFFER 
*          0    0003f800    00000000     DSECT

GETWRITEIDX 
*          0    0003f800    00000000     DSECT

PUTREADIDX 
*          0    0003f800    00000000     DSECT

.text.1    0    00008000    000007a3     
                  00008000    000003fd     device.obj (.text)
                  000083fd    00000052     driverlib_eabi.lib : gpio.obj (.text:GPIO_setPadConfig)
                  0000844f    00000051                        : sysctl.obj (.text:SysCtl_getClock)
                  000084a0    00000048                        : sysctl.obj (.text:SysCtl_selectOscSource)
                  000084e8    00000037                        : gpio.obj (.text:GPIO_setPinConfig)
                  0000851f    00000037                        : gpio.obj (.text:GPIO_setQualificationMode)
                  00008556    00000031                        : gpio.obj (.text:GPIO_setDirectionMode)
                  00008587    0000002e                        : xbar.obj (.text:XBAR_setOutputMuxConfig)
                  000085b5    0000002e     rts2800_fpu32_eabi.lib : copy_decompress_lzss.c.obj (.text:decompress:lzss)
                  000085e3    0000002b                            : autoinit.c.obj (.text:__TI_auto_init_nobinit_nopinit)
                  0000860e    00000029                            : exit.c.obj (.text)
                  00008637    00000028     driverlib_eabi.lib : sysctl.obj (.text:CPUTimer_selectClockSource)
                  0000865f    0000001f                        : sysctl.obj (.text:CPUTimer_getTimerOverflowStatus)
                  0000867e    0000001d     rts2800_fpu32_eabi.lib : memcpy.c.obj (.text)
                  0000869b    0000001a     driverlib_eabi.lib : sysctl.obj (.text:CPUTimer_startTimer)
                  000086b5    0000001a                        : sysctl.obj (.text:SysCtl_getLowSpeedClock)
                  000086cf    00000017                        : sysctl.obj (.text:CPUTimer_isBaseValid)
                  000086e6    00000017     rts2800_fpu32_eabi.lib : boot28.asm.obj (.text)
                  000086fd    00000014     driverlib_eabi.lib : sysctl.obj (.text:CPUTimer_stopTimer)
                  00008711    00000012                        : sysctl.obj (.text:CPUTimer_clearOverflowFlag)
                  00008723    00000012                        : sysctl.obj (.text:CPUTimer_disableInterrupt)
                  00008735    00000011                        : sysctl.obj (.text:CPUTimer_setPeriod)
                  00008746    0000000f                        : sysctl.obj (.text:SysCtl_pollCpuTimer)
                  00008755    0000000e                        : gpio.obj (.text:GPIO_isPinValid)
                  00008763    0000000c     rts2800_fpu32_eabi.lib : args_main.c.obj (.text)
                  0000876f    0000000b     driverlib_eabi.lib : sysctl.obj (.text:SysCtl_isMCDClockFailureDetected)
                  0000877a    00000009                        : sysctl.obj (.text:SysCtl_serviceWatchdog)
                  00008783    00000009     rts2800_fpu32_eabi.lib : _lock.c.obj (.text)
                  0000878c    00000008     F2837xD_CodeStartBranch.obj (.text)
                  00008794    00000008     rts2800_fpu32_eabi.lib : copy_decompress_none.c.obj (.text:decompress:none)
                  0000879c    00000007     driverlib_eabi.lib : sysctl.obj (.text:SysCtl_resetMCD)

.text.2    0    0000b000    000007fd     
                  0000b000    0000043a     main.obj (.text)
                  0000b43a    00000209     driverlib_eabi.lib : sysctl.obj (.text:SysCtl_setClock)
                  0000b643    00000090                        : sysctl.obj (.text:SysCtl_selectXTAL)
                  0000b6d3    00000088     rts2800_fpu32_eabi.lib : fs_div28.asm.obj (.text)
                  0000b75b    00000068     driverlib_eabi.lib : sysctl.obj (.text:SysCtl_getDeviceParametric)
                  0000b7c3    00000037                        : gpio.obj (.text:GPIO_setControllerCore)
                  0000b7fa    00000002     rts2800_fpu32_eabi.lib : pre_init.c.obj (.text)
                  0000b7fc    00000001                            : startup.c.obj (.text)

MODULE SUMMARY

       Module                        code   ro data   rw data
       ------                        ----   -------   -------
    .\device\
       device.obj                    1021   19        6      
       F2837xD_CodeStartBranch.obj   10     0         0      
    +--+-----------------------------+------+---------+---------+
       Total:                        1031   19        6      
                                                             
    .\src\
       main.obj                      1082   124       0      
    +--+-----------------------------+------+---------+---------+
       Total:                        1082   124       0      
                                                             
    C:\ti\C2000Ware_6_00_01_00\driverlib\f2837xd\driverlib\ccs\Debug\driverlib_eabi.lib
       sysctl.obj                    1187   194       0      
       gpio.obj                      310    188       0      
       xbar.obj                      46     0         0      
    +--+-----------------------------+------+---------+---------+
       Total:                        1543   382       0      
                                                             
    C:\ti\ccs2040\ccs\tools\compiler\ti-cgt-c2000_22.6.3.LTS\lib\rts2800_fpu32_eabi.lib
       fs_div28.asm.obj              136    0         0      
       exit.c.obj                    41     0         6      
       copy_decompress_lzss.c.obj    46     0         0      
       autoinit.c.obj                43     0         0      
       memcpy.c.obj                  29     0         0      
       boot28.asm.obj                23     0         0      
       _lock.c.obj                   9      0         4      
       args_main.c.obj               12     0         0      
       copy_decompress_none.c.obj    8      0         0      
       pre_init.c.obj                2      0         0      
       startup.c.obj                 1      0         0      
    +--+-----------------------------+------+---------+---------+
       Total:                        350    0         10     
                                                             
       Stack:                        0      0         1016   
       Linker Generated:             0      17        0      
    +--+-----------------------------+------+---------+---------+
       Grand Total:                  4006   542       1032   


LINKER GENERATED COPY TABLES

__TI_cinit_table @ 00000136 records: 1, size/record: 4, table size: 4
	.data: load addr=00000128, load size=00000009 bytes, run addr=0000aa0e, run size=00000010 bytes, compression=lzss


LINKER GENERATED HANDLER TABLE

__TI_handler_table @ 00000132 records: 2, size/record: 2, table size: 4
	index: 0, handler: __TI_decompress_lzss
	index: 1, handler: __TI_decompress_none


GLOBAL DATA SYMBOLS: SORTED BY DATA PAGE

address     data page           name
--------    ----------------    ----
00000400      10 (00000400)     __stack

0000aa0e     2a8 (0000aa00)     Example_Result
0000aa10     2a8 (0000aa00)     Example_PassCount
0000aa12     2a8 (0000aa00)     Example_Fail
0000aa14     2a8 (0000aa00)     __TI_enable_exit_profile_output
0000aa16     2a8 (0000aa00)     __TI_cleanup_ptr
0000aa18     2a8 (0000aa00)     __TI_dtors_ptr
0000aa1a     2a8 (0000aa00)     _lock
0000aa1c     2a8 (0000aa00)     _unlock


GLOBAL SYMBOLS: SORTED ALPHABETICALLY BY Name 

page  address   name                                     
----  -------   ----                                     
0     0000860e  C$$EXIT                                  
0     00008271  Device_bootCPU2                          
0     00008240  Device_configureTMXAnalogTrim            
0     000080ee  Device_enableAllPeripherals              
0     0000822a  Device_enableUnbondedGPIOPullups         
0     0000820d  Device_enableUnbondedGPIOPullupsFor100Pin
0     000081fa  Device_enableUnbondedGPIOPullupsFor176Pin
0     000080ae  Device_init                              
0     000081d9  Device_initGPIO                          
1     0000aa12  Example_Fail                             
1     0000aa10  Example_PassCount                        
1     0000aa0e  Example_Result                           
0     000083fc  Example_done                             
0     000083f7  Example_setResultFail                    
0     000083f2  Example_setResultPass                    
0     0000b7c3  GPIO_setControllerCore                   
0     00008556  GPIO_setDirectionMode                    
0     000083fd  GPIO_setPadConfig                        
0     000084e8  GPIO_setPinConfig                        
0     0000851f  GPIO_setQualificationMode                
0     00000123  SysCtl_delay                             
0     0000844f  SysCtl_getClock                          
0     0000b75b  SysCtl_getDeviceParametric               
0     000086b5  SysCtl_getLowSpeedClock                  
0     000084a0  SysCtl_selectOscSource                   
0     0000b643  SysCtl_selectXTAL                        
0     0000b43a  SysCtl_setClock                          
0     00008587  XBAR_setOutputMuxConfig                  
0     00000136  __TI_CINIT_Base                          
0     0000013a  __TI_CINIT_Limit                         
0     0000013a  __TI_CINIT_Warm                          
0     00000132  __TI_Handler_Table_Base                  
0     00000136  __TI_Handler_Table_Limit                 
1     000007f8  __TI_STACK_END                           
abs   000003f8  __TI_STACK_SIZE                          
0     000085e3  __TI_auto_init_nobinit_nopinit           
1     0000aa16  __TI_cleanup_ptr                         
0     000085b5  __TI_decompress_lzss                     
0     00008794  __TI_decompress_none                     
1     0000aa18  __TI_dtors_ptr                           
1     0000aa14  __TI_enable_exit_profile_output          
abs   ffffffff  __TI_pprof_out_hndl                      
abs   ffffffff  __TI_prof_data_size                      
abs   ffffffff  __TI_prof_data_start                     
0     0000b6d3  __c28xabi_divf                           
n/a   UNDEFED   __c_args__                               
0     000083eb  __error__                                
1     00000400  __stack                                  
0     00008763  _args_main                               
0     000086e6  _c_int00                                 
1     0000aa1a  _lock                                    
0     0000878b  _nop                                     
0     00008787  _register_lock                           
0     00008783  _register_unlock                         
0     0000b7fc  _system_post_cinit                       
0     0000b7fa  _system_pre_init                         
1     0000aa1c  _unlock                                  
0     0000860e  abort                                    
0     0000b3d3  clock_init                               
0     00000000  code_start                               
0     0000b3c2  configureAllEPWMOutputs                  
0     0000b408  configureEPWMGPIOs                       
0     0000b37f  configureEPWMOutputs                     
0     0000b353  configure_all_epwms                      
0     0000b31c  configure_epwm_timebase                  
0     00008610  exit                                     
0     0000b431  main                                     
0     0000867e  memcpy                                   


GLOBAL SYMBOLS: SORTED BY Symbol Address 

page  address   name                                     
----  -------   ----                                     
0     00000000  code_start                               
0     00000123  SysCtl_delay                             
0     00000132  __TI_Handler_Table_Base                  
0     00000136  __TI_CINIT_Base                          
0     00000136  __TI_Handler_Table_Limit                 
0     0000013a  __TI_CINIT_Limit                         
0     0000013a  __TI_CINIT_Warm                          
0     000080ae  Device_init                              
0     000080ee  Device_enableAllPeripherals              
0     000081d9  Device_initGPIO                          
0     000081fa  Device_enableUnbondedGPIOPullupsFor176Pin
0     0000820d  Device_enableUnbondedGPIOPullupsFor100Pin
0     0000822a  Device_enableUnbondedGPIOPullups         
0     00008240  Device_configureTMXAnalogTrim            
0     00008271  Device_bootCPU2                          
0     000083eb  __error__                                
0     000083f2  Example_setResultPass                    
0     000083f7  Example_setResultFail                    
0     000083fc  Example_done                             
0     000083fd  GPIO_setPadConfig                        
0     0000844f  SysCtl_getClock                          
0     000084a0  SysCtl_selectOscSource                   
0     000084e8  GPIO_setPinConfig                        
0     0000851f  GPIO_setQualificationMode                
0     00008556  GPIO_setDirectionMode                    
0     00008587  XBAR_setOutputMuxConfig                  
0     000085b5  __TI_decompress_lzss                     
0     000085e3  __TI_auto_init_nobinit_nopinit           
0     0000860e  C$$EXIT                                  
0     0000860e  abort                                    
0     00008610  exit                                     
0     0000867e  memcpy                                   
0     000086b5  SysCtl_getLowSpeedClock                  
0     000086e6  _c_int00                                 
0     00008763  _args_main                               
0     00008783  _register_unlock                         
0     00008787  _register_lock                           
0     0000878b  _nop                                     
0     00008794  __TI_decompress_none                     
0     0000b31c  configure_epwm_timebase                  
0     0000b353  configure_all_epwms                      
0     0000b37f  configureEPWMOutputs                     
0     0000b3c2  configureAllEPWMOutputs                  
0     0000b3d3  clock_init                               
0     0000b408  configureEPWMGPIOs                       
0     0000b431  main                                     
0     0000b43a  SysCtl_setClock                          
0     0000b643  SysCtl_selectXTAL                        
0     0000b6d3  __c28xabi_divf                           
0     0000b75b  SysCtl_getDeviceParametric               
0     0000b7c3  GPIO_setControllerCore                   
0     0000b7fa  _system_pre_init                         
0     0000b7fc  _system_post_cinit                       
1     00000400  __stack                                  
1     000007f8  __TI_STACK_END                           
1     0000aa0e  Example_Result                           
1     0000aa10  Example_PassCount                        
1     0000aa12  Example_Fail                             
1     0000aa14  __TI_enable_exit_profile_output          
1     0000aa16  __TI_cleanup_ptr                         
1     0000aa18  __TI_dtors_ptr                           
1     0000aa1a  _lock                                    
1     0000aa1c  _unlock                                  
abs   000003f8  __TI_STACK_SIZE                          
abs   ffffffff  __TI_pprof_out_hndl                      
abs   ffffffff  __TI_prof_data_size                      
abs   ffffffff  __TI_prof_data_start                     
n/a   UNDEFED   __c_args__                               

[68 symbols]
