******************************************************************************
             TMS320C2000 Linker PC v22.6.3                     
******************************************************************************
>> Linked Thu Mar  5 12:28:40 2026

OUTPUT FILE NAME:   <dab.out>
ENTRY POINT SYMBOL: "code_start"  address: 00000000


MEMORY CONFIGURATION

         name            origin    length      used     unused   attr    fill
----------------------  --------  ---------  --------  --------  ----  --------
PAGE 0:
  BEGIN                 00000000   00000002  00000002  00000000  RWIX
  RAMM0                 00000123   000002dd  00000024  000002b9  RWIX
  RAMLS0                00008000   00000800  00000800  00000000  RWIX
  RAMLS1                00008800   00000800  00000800  00000000  RWIX
  RAMLS2                00009000   00000800  000003a9  00000457  RWIX
  RAMLS3                00009800   00000800  00000000  00000800  RWIX
  RAMLS4                0000a000   00000800  00000000  00000800  RWIX
  RAMD0                 0000b000   00000800  00000800  00000000  RWIX
  FLASHA                00080002   00001ffe  00000000  00001ffe  RWIX
  FLASHB                00082000   00002000  00000000  00002000  RWIX
  FLASHC                00084000   00002000  00000000  00002000  RWIX
  FLASHD                00086000   00002000  00000000  00002000  RWIX
  FLASHE                00088000   00008000  00000000  00008000  RWIX
  FLASHF                00090000   00008000  00000000  00008000  RWIX
  FLASHG                00098000   00008000  00000000  00008000  RWIX
  FLASHH                000a0000   00008000  00000000  00008000  RWIX
  FLASHI                000a8000   00008000  00000000  00008000  RWIX
  FLASHJ                000b0000   00008000  00000000  00008000  RWIX
  FLASHK                000b8000   00002000  00000000  00002000  RWIX
  FLASHL                000ba000   00002000  00000000  00002000  RWIX
  FLASHM                000bc000   00002000  00000000  00002000  RWIX
  FLASHN                000be000   00001ff0  00000000  00001ff0  RWIX
  RESET                 003fffc0   00000002  00000000  00000002  RWIX

PAGE 1:
  BOOT_RSVD             00000002   00000121  00000000  00000121  RWIX
  RAMM1                 00000400   000003f8  000003f8  00000000  RWIX
  RAMLS5                0000a800   00000800  000003b0  00000450  RWIX
  RAMD1                 0000b800   00000800  00000000  00000800  RWIX
  RAMGS0                0000c000   00001000  00000000  00001000  RWIX
  RAMGS1                0000d000   00001000  00000000  00001000  RWIX
  RAMGS2                0000e000   00001000  00000000  00001000  RWIX
  RAMGS3                0000f000   00001000  00000000  00001000  RWIX
  RAMGS4                00010000   00001000  00000000  00001000  RWIX
  RAMGS5                00011000   00001000  00000000  00001000  RWIX
  RAMGS6                00012000   00001000  00000000  00001000  RWIX
  RAMGS7                00013000   00001000  00000000  00001000  RWIX
  RAMGS8                00014000   00001000  00000000  00001000  RWIX
  RAMGS9                00015000   00001000  00000000  00001000  RWIX
  RAMGS10               00016000   00001000  00000000  00001000  RWIX
  RAMGS11               00017000   00001000  00000000  00001000  RWIX
  RAMGS12               00018000   00001000  00000000  00001000  RWIX
  RAMGS13               00019000   00001000  00000000  00001000  RWIX
  RAMGS14               0001a000   00001000  00000000  00001000  RWIX
  RAMGS15               0001b000   00000ff8  00000000  00000ff8  RWIX
  CPU2TOCPU1RAM         0003f800   00000400  00000000  00000400  RWIX
  CPU1TOCPU2RAM         0003fc00   00000400  00000000  00000400  RWIX
  CANA_MSG_RAM          00049000   00000800  00000000  00000800  RWIX
  CANB_MSG_RAM          0004b000   00000800  00000000  00000800  RWIX


SECTION ALLOCATION MAP

 output                                  attributes/
section   page    origin      length       input sections
--------  ----  ----------  ----------   ----------------
codestart 
*          0    00000000    00000002     
                  00000000    00000002     F2837xD_CodeStartBranch.obj (codestart)

.cinit     0    00000128    00000020     
                  00000128    0000000d     (.cinit..data.load) [load image, compression = lzss]
                  00000135    00000001     --HOLE-- [fill = 0]
                  00000136    00000006     (__TI_handler_table)
                  0000013c    00000004     (.cinit..bss.load) [load image, compression = zero_init]
                  00000140    00000008     (__TI_cinit_table)

.reset     0    003fffc0    00000000     DSECT

.stack     1    00000400    000003f8     UNINITIALIZED
                  00000400    000003f8     --HOLE--

.bss       1    0000abac    00000005     UNINITIALIZED
                  0000abac    00000002     clock.obj (.bss)
                  0000abae    00000002     controller.obj (.bss)
                  0000abb0    00000001     epwm.obj (.bss)

.init_array 
*          0    00000123    00000000     UNINITIALIZED

.const     1    0000a800    0000038c     
                  0000a800    000000c2     driverlib_eabi.lib : sysctl.obj (.const:.string)
                  0000a8c2    000000bc                        : gpio.obj (.const:.string)
                  0000a97e    000000ba     adc.obj (.const:.string)
                  0000aa38    0000005d     driverlib_eabi.lib : adc.obj (.const:.string)
                  0000aa95    00000001     --HOLE-- [fill = 0]
                  0000aa96    00000042     timer.obj (.const:.string)
                  0000aad8    0000003e     epwm.obj (.const:.string)
                  0000ab16    0000003e     xbar.obj (.const:.string)
                  0000ab54    00000013     device.obj (.const:.string)
                  0000ab67    00000001     --HOLE-- [fill = 0]
                  0000ab68    00000010     converter.obj (.const)
                  0000ab78    0000000c     rts2800_fpu32_eabi.lib : e_sqrt.c.obj (.const)
                  0000ab84    00000008     epwm.obj (.const:$P$T0$1)

.data      1    0000ab8c    0000001f     UNINITIALIZED
                  0000ab8c    00000006     converter.obj (.data)
                  0000ab92    00000006     device.obj (.data)
                  0000ab98    00000006     rts2800_fpu32_eabi.lib : exit.c.obj (.data)
                  0000ab9e    00000004     timer.obj (.data)
                  0000aba2    00000002     rts2800_fpu32_eabi.lib : _lock.c.obj (.data:_lock)
                  0000aba4    00000002                            : _lock.c.obj (.data:_unlock)
                  0000aba6    00000002     adc.obj (.data)
                  0000aba8    00000002     controller.obj (.data)
                  0000abaa    00000001     rts2800_fpu32_eabi.lib : errno.c.obj (.data)

.TI.ramfunc 
*          0    00000123    00000004     
                  00000123    00000004     driverlib_eabi.lib : sysctl.obj (.TI.ramfunc)

GETBUFFER 
*          0    0003f800    00000000     DSECT

GETWRITEIDX 
*          0    0003f800    00000000     DSECT

PUTREADIDX 
*          0    0003f800    00000000     DSECT

.text.1    0    00008000    00000800     
                  00008000    000003fd     device.obj (.text)
                  000083fd    00000209     driverlib_eabi.lib : sysctl.obj (.text:SysCtl_setClock)
                  00008606    0000010a     timer.obj (.text)
                  00008710    000000de     rts2800_fpu32_eabi.lib : e_sqrt.c.obj (.text)
                  000087ee    00000012     driverlib_eabi.lib : sysctl.obj (.text:CPUTimer_clearOverflowFlag)

.text.2    0    00008800    00000800     
                  00008800    000000c3     gpio.obj (.text)
                  000088c3    00000090     driverlib_eabi.lib : sysctl.obj (.text:SysCtl_selectXTAL)
                  00008953    0000008b     rts2800_fpu32_eabi.lib : fd_div28.asm.obj (.text)
                  000089de    00000088                            : fs_div28.asm.obj (.text)
                  00008a66    00000083                            : fd_mpy28.asm.obj (.text)
                  00008ae9    00000082     controller.obj (.text)
                  00008b6b    00000077     adc.obj (.text:retain)
                  00008be2    0000006f     driverlib_eabi.lib : adc.obj (.text:ADC_setINLTrim)
                  00008c51    00000068                        : sysctl.obj (.text:SysCtl_getDeviceParametric)
                  00008cb9    00000060                        : adc.obj (.text:ADC_setOffsetTrim)
                  00008d19    00000052                        : gpio.obj (.text:GPIO_setPadConfig)
                  00008d6b    00000051                        : sysctl.obj (.text:SysCtl_getClock)
                  00008dbc    0000004c     converter.obj (.text)
                  00008e08    00000048     driverlib_eabi.lib : sysctl.obj (.text:SysCtl_selectOscSource)
                  00008e50    00000040     main.obj (.text)
                  00008e90    00000040     xbar.obj (.text)
                  00008ed0    0000003d     driverlib_eabi.lib : interrupt.obj (.text:Interrupt_initModule)
                  00008f0d    00000037                        : gpio.obj (.text:GPIO_setControllerCore)
                  00008f44    00000037                        : gpio.obj (.text:GPIO_setPinConfig)
                  00008f7b    00000037                        : gpio.obj (.text:GPIO_setQualificationMode)
                  00008fb2    00000037                        : interrupt.obj (.text:Interrupt_enable)
                  00008fe9    00000017     rts2800_fpu32_eabi.lib : boot28.asm.obj (.text)

.text.3    0    00009000    000003a9     
                  00009000    00000037     clock.obj (.text)
                  00009037    00000034     timer.obj (.text:retain)
                  0000906b    00000031     driverlib_eabi.lib : gpio.obj (.text:GPIO_setDirectionMode)
                  0000909c    0000002f                        : adc.obj (.text:ADC_setMode)
                  000090cb    0000002e                        : xbar.obj (.text:XBAR_setOutputMuxConfig)
                  000090f9    0000002e     rts2800_fpu32_eabi.lib : copy_decompress_lzss.c.obj (.text:decompress:lzss)
                  00009127    0000002b                            : autoinit.c.obj (.text:__TI_auto_init_nobinit_nopinit)
                  00009152    0000002a                            : fd_cmp28.asm.obj (.text)
                  0000917c    00000029                            : exit.c.obj (.text)
                  000091a5    00000028     driverlib_eabi.lib : sysctl.obj (.text:CPUTimer_selectClockSource)
                  000091cd    00000023     rts2800_fpu32_eabi.lib : fd_tofsfpu32.asm.obj (.text)
                  000091f0    0000001f     driverlib_eabi.lib : sysctl.obj (.text:CPUTimer_getTimerOverflowStatus)
                  0000920f    0000001e                        : interrupt.obj (.text:Interrupt_initVectorTable)
                  0000922d    0000001d     rts2800_fpu32_eabi.lib : memcpy.c.obj (.text)
                  0000924a    0000001c                            : fs_tofdfpu32.asm.obj (.text)
                  00009266    0000001b     driverlib_eabi.lib : adc.obj (.text:ADC_isBaseValid)
                  00009281    0000001a                        : sysctl.obj (.text:CPUTimer_startTimer)
                  0000929b    0000001a                        : sysctl.obj (.text:SysCtl_getLowSpeedClock)
                  000092b5    00000016                        : interrupt.obj (.text:Interrupt_defaultHandler)
                  000092cb    00000014                        : sysctl.obj (.text:CPUTimer_stopTimer)
                  000092df    00000012                        : sysctl.obj (.text:CPUTimer_disableInterrupt)
                  000092f1    00000011                        : sysctl.obj (.text:CPUTimer_setPeriod)
                  00009302    0000000f                        : sysctl.obj (.text:SysCtl_pollCpuTimer)
                  00009311    0000000e                        : gpio.obj (.text:GPIO_isPinValid)
                  0000931f    0000000e     rts2800_fpu32_eabi.lib : fd_sub28.asm.obj (.text)
                  0000932d    0000000d     driverlib_eabi.lib : interrupt.obj (.text:Interrupt_disableGlobal)
                  0000933a    0000000d                        : interrupt.obj (.text:Interrupt_enableGlobal)
                  00009347    0000000d     rts2800_fpu32_eabi.lib : copy_zero_init.c.obj (.text:decompress:ZI:__TI_zero_init_nomemset)
                  00009354    0000000c                            : args_main.c.obj (.text)
                  00009360    0000000b     driverlib_eabi.lib : sysctl.obj (.text:SysCtl_isMCDClockFailureDetected)
                  0000936b    0000000a                        : interrupt.obj (.text:Interrupt_illegalOperationHandler)
                  00009375    0000000a                        : interrupt.obj (.text:Interrupt_nmiHandler)
                  0000937f    00000009                        : sysctl.obj (.text:SysCtl_serviceWatchdog)
                  00009388    00000009     rts2800_fpu32_eabi.lib : _lock.c.obj (.text)
                  00009391    00000008     F2837xD_CodeStartBranch.obj (.text)
                  00009399    00000008     rts2800_fpu32_eabi.lib : copy_decompress_none.c.obj (.text:decompress:none)
                  000093a1    00000007     driverlib_eabi.lib : sysctl.obj (.text:SysCtl_resetMCD)
                  000093a8    00000001     rts2800_fpu32_eabi.lib : startup.c.obj (.text)

.text.4    0    0000b000    00000800     
                  0000b000    00000525     epwm.obj (.text)
                  0000b525    00000226     adc.obj (.text)
                  0000b74b    0000009c     rts2800_fpu32_eabi.lib : fd_add28.asm.obj (.text)
                  0000b7e7    00000017     driverlib_eabi.lib : sysctl.obj (.text:CPUTimer_isBaseValid)
                  0000b7fe    00000002     rts2800_fpu32_eabi.lib : pre_init.c.obj (.text)

MODULE SUMMARY

       Module                        code   ro data   rw data
       ------                        ----   -------   -------
    .\device\
       device.obj                    1021   19        6      
       F2837xD_CodeStartBranch.obj   10     0         0      
    +--+-----------------------------+------+---------+---------+
       Total:                        1031   19        6      
                                                             
    .\src\
       epwm.obj                      1317   70        1      
       adc.obj                       669    186       2      
       timer.obj                     318    66        4      
       gpio.obj                      195    0         0      
       controller.obj                130    0         4      
       xbar.obj                      64     62        0      
       converter.obj                 76     16        6      
       main.obj                      64     0         0      
       clock.obj                     55     0         2      
    +--+-----------------------------+------+---------+---------+
       Total:                        2888   400       19     
                                                             
    C:\ti\C2000Ware_6_00_01_00\driverlib\f2837xd\driverlib\ccs\Debug\driverlib_eabi.lib
       sysctl.obj                    1187   194       0      
       gpio.obj                      310    188       0      
       adc.obj                       281    93        0      
       interrupt.obj                 214    0         0      
       xbar.obj                      46     0         0      
    +--+-----------------------------+------+---------+---------+
       Total:                        2038   475       0      
                                                             
    C:\ti\ccs2040\ccs\tools\compiler\ti-cgt-c2000_22.6.3.LTS\lib\rts2800_fpu32_eabi.lib
       e_sqrt.c.obj                  222    12        0      
       fd_add28.asm.obj              156    0         0      
       fd_div28.asm.obj              139    0         0      
       fs_div28.asm.obj              136    0         0      
       fd_mpy28.asm.obj              131    0         0      
       exit.c.obj                    41     0         6      
       copy_decompress_lzss.c.obj    46     0         0      
       autoinit.c.obj                43     0         0      
       fd_cmp28.asm.obj              42     0         0      
       fd_tofsfpu32.asm.obj          35     0         0      
       memcpy.c.obj                  29     0         0      
       fs_tofdfpu32.asm.obj          28     0         0      
       boot28.asm.obj                23     0         0      
       fd_sub28.asm.obj              14     0         0      
       _lock.c.obj                   9      0         4      
       copy_zero_init.c.obj          13     0         0      
       args_main.c.obj               12     0         0      
       copy_decompress_none.c.obj    8      0         0      
       pre_init.c.obj                2      0         0      
       errno.c.obj                   0      0         1      
       startup.c.obj                 1      0         0      
    +--+-----------------------------+------+---------+---------+
       Total:                        1130   12        11     
                                                             
       Stack:                        0      0         1016   
       Linker Generated:             0      31        0      
    +--+-----------------------------+------+---------+---------+
       Grand Total:                  7087   937       1052   


LINKER GENERATED COPY TABLES

__TI_cinit_table @ 00000140 records: 2, size/record: 4, table size: 8
	.data: load addr=00000128, load size=0000000d bytes, run addr=0000ab8c, run size=0000001f bytes, compression=lzss
	.bss: load addr=0000013c, load size=00000004 bytes, run addr=0000abac, run size=00000005 bytes, compression=zero_init


LINKER GENERATED HANDLER TABLE

__TI_handler_table @ 00000136 records: 3, size/record: 2, table size: 6
	index: 0, handler: __TI_zero_init
	index: 1, handler: __TI_decompress_lzss
	index: 2, handler: __TI_decompress_none


GLOBAL DATA SYMBOLS: SORTED BY DATA PAGE

address     data page           name
--------    ----------------    ----
00000400      10 (00000400)     __stack

0000ab8c     2ae (0000ab80)     maximum_operational_phase_shift
0000ab92     2ae (0000ab80)     Example_Result
0000ab94     2ae (0000ab80)     Example_PassCount
0000ab96     2ae (0000ab80)     Example_Fail
0000ab98     2ae (0000ab80)     __TI_enable_exit_profile_output
0000ab9a     2ae (0000ab80)     __TI_cleanup_ptr
0000ab9c     2ae (0000ab80)     __TI_dtors_ptr
0000ab9e     2ae (0000ab80)     led1_is_on
0000aba0     2ae (0000ab80)     timer1_counter
0000aba2     2ae (0000ab80)     _lock
0000aba4     2ae (0000ab80)     _unlock
0000aba6     2ae (0000ab80)     ref
0000abaa     2ae (0000ab80)     errno
0000abac     2ae (0000ab80)     sysclk_frequency
0000abb0     2ae (0000ab80)     TBPRD


GLOBAL SYMBOLS: SORTED ALPHABETICALLY BY Name 

page  address   name                                     
----  -------   ----                                     
0     00008be2  ADC_setINLTrim                           
0     0000909c  ADC_setMode                              
0     00008cb9  ADC_setOffsetTrim                        
0     0000917c  C$$EXIT                                  
0     00008271  Device_bootCPU2                          
0     00008240  Device_configureTMXAnalogTrim            
0     000080ee  Device_enableAllPeripherals              
0     0000822a  Device_enableUnbondedGPIOPullups         
0     0000820d  Device_enableUnbondedGPIOPullupsFor100Pin
0     000081fa  Device_enableUnbondedGPIOPullupsFor176Pin
0     000080ae  Device_init                              
0     000081d9  Device_initGPIO                          
1     0000ab96  Example_Fail                             
1     0000ab94  Example_PassCount                        
1     0000ab92  Example_Result                           
0     000083fc  Example_done                             
0     000083f7  Example_setResultFail                    
0     000083f2  Example_setResultPass                    
0     00008f0d  GPIO_setControllerCore                   
0     0000906b  GPIO_setDirectionMode                    
0     00008d19  GPIO_setPadConfig                        
0     00008f44  GPIO_setPinConfig                        
0     00008f7b  GPIO_setQualificationMode                
0     000092b5  Interrupt_defaultHandler                 
0     00008fb2  Interrupt_enable                         
0     0000936b  Interrupt_illegalOperationHandler        
0     00008ed0  Interrupt_initModule                     
0     0000920f  Interrupt_initVectorTable                
0     00009375  Interrupt_nmiHandler                     
0     00000123  SysCtl_delay                             
0     00008d6b  SysCtl_getClock                          
0     00008c51  SysCtl_getDeviceParametric               
0     0000929b  SysCtl_getLowSpeedClock                  
0     00008e08  SysCtl_selectOscSource                   
0     000088c3  SysCtl_selectXTAL                        
0     000083fd  SysCtl_setClock                          
1     0000abb0  TBPRD                                    
0     000090cb  XBAR_setOutputMuxConfig                  
0     00000140  __TI_CINIT_Base                          
0     00000148  __TI_CINIT_Limit                         
0     00000148  __TI_CINIT_Warm                          
0     00000136  __TI_Handler_Table_Base                  
0     0000013c  __TI_Handler_Table_Limit                 
1     000007f8  __TI_STACK_END                           
abs   000003f8  __TI_STACK_SIZE                          
0     00009127  __TI_auto_init_nobinit_nopinit           
1     0000ab9a  __TI_cleanup_ptr                         
0     000090f9  __TI_decompress_lzss                     
0     00009399  __TI_decompress_none                     
1     0000ab9c  __TI_dtors_ptr                           
1     0000ab98  __TI_enable_exit_profile_output          
abs   ffffffff  __TI_pprof_out_hndl                      
abs   ffffffff  __TI_prof_data_size                      
abs   ffffffff  __TI_prof_data_start                     
0     00009347  __TI_zero_init_nomemset                  
0     0000b74b  __c28xabi_addd                           
0     00009152  __c28xabi_cmpd                           
0     00008953  __c28xabi_divd                           
0     000089de  __c28xabi_divf                           
0     000091cd  __c28xabi_dtof                           
0     0000924a  __c28xabi_ftod                           
0     00008a66  __c28xabi_mpyd                           
0     0000931f  __c28xabi_subd                           
n/a   UNDEFED   __c_args__                               
0     000083eb  __error__                                
1     00000400  __stack                                  
0     00009354  _args_main                               
0     00008fe9  _c_int00                                 
1     0000aba2  _lock                                    
0     00009390  _nop                                     
0     0000938c  _register_lock                           
0     00009388  _register_unlock                         
0     000093a8  _system_post_cinit                       
0     0000b7fe  _system_pre_init                         
1     0000aba4  _unlock                                  
0     0000917c  abort                                    
0     0000b700  adc_init                                 
0     00008b6b  adc_isr                                  
0     00009020  clock_init                               
0     00000000  code_start                               
0     00008ae9  controller_calculate_phase_shift         
0     00008dbc  converter_init                           
0     00009037  cpu_timer1_isr                           
0     0000b3b6  epwm_init                                
1     0000abaa  errno                                    
0     0000917e  exit                                     
0     00008800  gpio_init                                
1     0000ab9e  led1_is_on                               
0     00008e87  main                                     
1     0000ab8c  maximum_operational_phase_shift          
0     0000922d  memcpy                                   
1     0000aba6  ref                                      
0     00008710  sqrt                                     
0     00008710  sqrtl                                    
1     0000abac  sysclk_frequency                         
0     00008e74  system_init                              
1     0000aba0  timer1_counter                           
0     000086d4  timer_init                               
0     00008eb3  xbar_init                                


GLOBAL SYMBOLS: SORTED BY Symbol Address 

page  address   name                                     
----  -------   ----                                     
0     00000000  code_start                               
0     00000123  SysCtl_delay                             
0     00000136  __TI_Handler_Table_Base                  
0     0000013c  __TI_Handler_Table_Limit                 
0     00000140  __TI_CINIT_Base                          
0     00000148  __TI_CINIT_Limit                         
0     00000148  __TI_CINIT_Warm                          
0     000080ae  Device_init                              
0     000080ee  Device_enableAllPeripherals              
0     000081d9  Device_initGPIO                          
0     000081fa  Device_enableUnbondedGPIOPullupsFor176Pin
0     0000820d  Device_enableUnbondedGPIOPullupsFor100Pin
0     0000822a  Device_enableUnbondedGPIOPullups         
0     00008240  Device_configureTMXAnalogTrim            
0     00008271  Device_bootCPU2                          
0     000083eb  __error__                                
0     000083f2  Example_setResultPass                    
0     000083f7  Example_setResultFail                    
0     000083fc  Example_done                             
0     000083fd  SysCtl_setClock                          
0     000086d4  timer_init                               
0     00008710  sqrt                                     
0     00008710  sqrtl                                    
0     00008800  gpio_init                                
0     000088c3  SysCtl_selectXTAL                        
0     00008953  __c28xabi_divd                           
0     000089de  __c28xabi_divf                           
0     00008a66  __c28xabi_mpyd                           
0     00008ae9  controller_calculate_phase_shift         
0     00008b6b  adc_isr                                  
0     00008be2  ADC_setINLTrim                           
0     00008c51  SysCtl_getDeviceParametric               
0     00008cb9  ADC_setOffsetTrim                        
0     00008d19  GPIO_setPadConfig                        
0     00008d6b  SysCtl_getClock                          
0     00008dbc  converter_init                           
0     00008e08  SysCtl_selectOscSource                   
0     00008e74  system_init                              
0     00008e87  main                                     
0     00008eb3  xbar_init                                
0     00008ed0  Interrupt_initModule                     
0     00008f0d  GPIO_setControllerCore                   
0     00008f44  GPIO_setPinConfig                        
0     00008f7b  GPIO_setQualificationMode                
0     00008fb2  Interrupt_enable                         
0     00008fe9  _c_int00                                 
0     00009020  clock_init                               
0     00009037  cpu_timer1_isr                           
0     0000906b  GPIO_setDirectionMode                    
0     0000909c  ADC_setMode                              
0     000090cb  XBAR_setOutputMuxConfig                  
0     000090f9  __TI_decompress_lzss                     
0     00009127  __TI_auto_init_nobinit_nopinit           
0     00009152  __c28xabi_cmpd                           
0     0000917c  C$$EXIT                                  
0     0000917c  abort                                    
0     0000917e  exit                                     
0     000091cd  __c28xabi_dtof                           
0     0000920f  Interrupt_initVectorTable                
0     0000922d  memcpy                                   
0     0000924a  __c28xabi_ftod                           
0     0000929b  SysCtl_getLowSpeedClock                  
0     000092b5  Interrupt_defaultHandler                 
0     0000931f  __c28xabi_subd                           
0     00009347  __TI_zero_init_nomemset                  
0     00009354  _args_main                               
0     0000936b  Interrupt_illegalOperationHandler        
0     00009375  Interrupt_nmiHandler                     
0     00009388  _register_unlock                         
0     0000938c  _register_lock                           
0     00009390  _nop                                     
0     00009399  __TI_decompress_none                     
0     000093a8  _system_post_cinit                       
0     0000b3b6  epwm_init                                
0     0000b700  adc_init                                 
0     0000b74b  __c28xabi_addd                           
0     0000b7fe  _system_pre_init                         
1     00000400  __stack                                  
1     000007f8  __TI_STACK_END                           
1     0000ab8c  maximum_operational_phase_shift          
1     0000ab92  Example_Result                           
1     0000ab94  Example_PassCount                        
1     0000ab96  Example_Fail                             
1     0000ab98  __TI_enable_exit_profile_output          
1     0000ab9a  __TI_cleanup_ptr                         
1     0000ab9c  __TI_dtors_ptr                           
1     0000ab9e  led1_is_on                               
1     0000aba0  timer1_counter                           
1     0000aba2  _lock                                    
1     0000aba4  _unlock                                  
1     0000aba6  ref                                      
1     0000abaa  errno                                    
1     0000abac  sysclk_frequency                         
1     0000abb0  TBPRD                                    
abs   000003f8  __TI_STACK_SIZE                          
abs   ffffffff  __TI_pprof_out_hndl                      
abs   ffffffff  __TI_prof_data_size                      
abs   ffffffff  __TI_prof_data_start                     
n/a   UNDEFED   __c_args__                               

[99 symbols]
