******************************************************************************
             TMS320C2000 Linker PC v22.6.3                     
******************************************************************************
>> Linked Thu Feb 26 15:40:19 2026

OUTPUT FILE NAME:   <dab.out>
ENTRY POINT SYMBOL: "code_start"  address: 00000000


MEMORY CONFIGURATION

         name            origin    length      used     unused   attr    fill
----------------------  --------  ---------  --------  --------  ----  --------
PAGE 0:
  BEGIN                 00000000   00000002  00000002  00000000  RWIX
  RAMM0                 00000123   000002dd  00000020  000002bd  RWIX
  RAMLS0                00008000   00000800  0000070e  000000f2  RWIX
  RAMLS1                00008800   00000800  00000000  00000800  RWIX
  RAMLS2                00009000   00000800  00000000  00000800  RWIX
  RAMLS3                00009800   00000800  00000000  00000800  RWIX
  RAMLS4                0000a000   00000800  00000000  00000800  RWIX
  RAMD0                 0000b000   00000800  00000800  00000000  RWIX
  FLASHA                00080002   00001ffe  00000000  00001ffe  RWIX
  FLASHB                00082000   00002000  00000000  00002000  RWIX
  FLASHC                00084000   00002000  00000000  00002000  RWIX
  FLASHD                00086000   00002000  00000000  00002000  RWIX
  FLASHE                00088000   00008000  00000000  00008000  RWIX
  FLASHF                00090000   00008000  00000000  00008000  RWIX
  FLASHG                00098000   00008000  00000000  00008000  RWIX
  FLASHH                000a0000   00008000  00000000  00008000  RWIX
  FLASHI                000a8000   00008000  00000000  00008000  RWIX
  FLASHJ                000b0000   00008000  00000000  00008000  RWIX
  FLASHK                000b8000   00002000  00000000  00002000  RWIX
  FLASHL                000ba000   00002000  00000000  00002000  RWIX
  FLASHM                000bc000   00002000  00000000  00002000  RWIX
  FLASHN                000be000   00001ff0  00000000  00001ff0  RWIX
  RESET                 003fffc0   00000002  00000000  00000002  RWIX

PAGE 1:
  BOOT_RSVD             00000002   00000121  00000000  00000121  RWIX
  RAMM1                 00000400   000003f8  000003f8  00000000  RWIX
  RAMLS5                0000a800   00000800  00000265  0000059b  RWIX
  RAMD1                 0000b800   00000800  00000000  00000800  RWIX
  RAMGS0                0000c000   00001000  00000000  00001000  RWIX
  RAMGS1                0000d000   00001000  00000000  00001000  RWIX
  RAMGS2                0000e000   00001000  00000000  00001000  RWIX
  RAMGS3                0000f000   00001000  00000000  00001000  RWIX
  RAMGS4                00010000   00001000  00000000  00001000  RWIX
  RAMGS5                00011000   00001000  00000000  00001000  RWIX
  RAMGS6                00012000   00001000  00000000  00001000  RWIX
  RAMGS7                00013000   00001000  00000000  00001000  RWIX
  RAMGS8                00014000   00001000  00000000  00001000  RWIX
  RAMGS9                00015000   00001000  00000000  00001000  RWIX
  RAMGS10               00016000   00001000  00000000  00001000  RWIX
  RAMGS11               00017000   00001000  00000000  00001000  RWIX
  RAMGS12               00018000   00001000  00000000  00001000  RWIX
  RAMGS13               00019000   00001000  00000000  00001000  RWIX
  RAMGS14               0001a000   00001000  00000000  00001000  RWIX
  RAMGS15               0001b000   00000ff8  00000000  00000ff8  RWIX
  CPU2TOCPU1RAM         0003f800   00000400  00000000  00000400  RWIX
  CPU1TOCPU2RAM         0003fc00   00000400  00000000  00000400  RWIX
  CANA_MSG_RAM          00049000   00000800  00000000  00000800  RWIX
  CANB_MSG_RAM          0004b000   00000800  00000000  00000800  RWIX


SECTION ALLOCATION MAP

 output                                  attributes/
section   page    origin      length       input sections
--------  ----  ----------  ----------   ----------------
codestart 
*          0    00000000    00000002     
                  00000000    00000002     F2837xD_CodeStartBranch.obj (codestart)

.cinit     0    00000128    0000001c     
                  00000128    0000000a     (.cinit..data.load) [load image, compression = lzss]
                  00000132    00000006     (__TI_handler_table)
                  00000138    00000004     (.cinit..bss.load) [load image, compression = zero_init]
                  0000013c    00000008     (__TI_cinit_table)

.reset     0    003fffc0    00000000     DSECT

.stack     1    00000400    000003f8     UNINITIALIZED
                  00000400    000003f8     --HOLE--

.bss       1    0000aa64    00000002     UNINITIALIZED
                  0000aa64    00000002     clock.obj (.bss)

.init_array 
*          0    00000123    00000000     UNINITIALIZED

.const     1    0000a800    0000024f     
                  0000a800    000000c2     driverlib_eabi.lib : sysctl.obj (.const:.string)
                  0000a8c2    000000bc                        : gpio.obj (.const:.string)
                  0000a97e    00000080     timer.obj (.const:.string)
                  0000a9fe    0000003e     xbar.obj (.const:.string)
                  0000aa3c    00000013     device.obj (.const:.string)

.data      1    0000aa50    00000014     UNINITIALIZED
                  0000aa50    00000006     device.obj (.data)
                  0000aa56    00000006     rts2800_fpu32_eabi.lib : exit.c.obj (.data)
                  0000aa5c    00000004     timer.obj (.data)
                  0000aa60    00000002     rts2800_fpu32_eabi.lib : _lock.c.obj (.data:_lock)
                  0000aa62    00000002                            : _lock.c.obj (.data:_unlock)

.TI.ramfunc 
*          0    00000123    00000004     
                  00000123    00000004     driverlib_eabi.lib : sysctl.obj (.TI.ramfunc)

GETBUFFER 
*          0    0003f800    00000000     DSECT

GETWRITEIDX 
*          0    0003f800    00000000     DSECT

PUTREADIDX 
*          0    0003f800    00000000     DSECT

.text.1    0    00008000    0000070e     
                  00008000    00000090     driverlib_eabi.lib : sysctl.obj (.text:SysCtl_selectXTAL)
                  00008090    00000088     rts2800_fpu32_eabi.lib : fs_div28.asm.obj (.text)
                  00008118    00000068     driverlib_eabi.lib : sysctl.obj (.text:SysCtl_getDeviceParametric)
                  00008180    00000053     timer.obj (.text:retain)
                  000081d3    00000052     driverlib_eabi.lib : gpio.obj (.text:GPIO_setPadConfig)
                  00008225    00000051                        : sysctl.obj (.text:SysCtl_getClock)
                  00008276    00000048                        : sysctl.obj (.text:SysCtl_selectOscSource)
                  000082be    00000040     xbar.obj (.text)
                  000082fe    0000003d     driverlib_eabi.lib : interrupt.obj (.text:Interrupt_initModule)
                  0000833b    00000037                        : gpio.obj (.text:GPIO_setControllerCore)
                  00008372    00000037                        : gpio.obj (.text:GPIO_setPinConfig)
                  000083a9    00000037                        : gpio.obj (.text:GPIO_setQualificationMode)
                  000083e0    00000037                        : interrupt.obj (.text:Interrupt_enable)
                  00008417    00000037     clock.obj (.text)
                  0000844e    00000031     driverlib_eabi.lib : gpio.obj (.text:GPIO_setDirectionMode)
                  0000847f    0000002e                        : xbar.obj (.text:XBAR_setOutputMuxConfig)
                  000084ad    0000002e     rts2800_fpu32_eabi.lib : copy_decompress_lzss.c.obj (.text:decompress:lzss)
                  000084db    0000002b                            : autoinit.c.obj (.text:__TI_auto_init_nobinit_nopinit)
                  00008506    00000029                            : exit.c.obj (.text)
                  0000852f    00000028     driverlib_eabi.lib : sysctl.obj (.text:CPUTimer_selectClockSource)
                  00008557    00000021     main.obj (.text)
                  00008578    0000001e     driverlib_eabi.lib : interrupt.obj (.text:Interrupt_initVectorTable)
                  00008596    0000001d     rts2800_fpu32_eabi.lib : memcpy.c.obj (.text)
                  000085b3    0000001a     driverlib_eabi.lib : sysctl.obj (.text:CPUTimer_startTimer)
                  000085cd    0000001a                        : sysctl.obj (.text:SysCtl_getLowSpeedClock)
                  000085e7    00000017                        : sysctl.obj (.text:CPUTimer_isBaseValid)
                  000085fe    00000017     rts2800_fpu32_eabi.lib : boot28.asm.obj (.text)
                  00008615    00000016     driverlib_eabi.lib : interrupt.obj (.text:Interrupt_defaultHandler)
                  0000862b    00000014                        : sysctl.obj (.text:CPUTimer_stopTimer)
                  0000863f    00000012                        : sysctl.obj (.text:CPUTimer_clearOverflowFlag)
                  00008651    00000012                        : sysctl.obj (.text:CPUTimer_disableInterrupt)
                  00008663    00000011                        : sysctl.obj (.text:CPUTimer_setPeriod)
                  00008674    0000000f                        : sysctl.obj (.text:SysCtl_pollCpuTimer)
                  00008683    0000000e                        : gpio.obj (.text:GPIO_isPinValid)
                  00008691    0000000d                        : interrupt.obj (.text:Interrupt_disableGlobal)
                  0000869e    0000000d                        : interrupt.obj (.text:Interrupt_enableGlobal)
                  000086ab    0000000d     rts2800_fpu32_eabi.lib : copy_zero_init.c.obj (.text:decompress:ZI:__TI_zero_init_nomemset)
                  000086b8    0000000c                            : args_main.c.obj (.text)
                  000086c4    0000000b     driverlib_eabi.lib : sysctl.obj (.text:SysCtl_isMCDClockFailureDetected)
                  000086cf    0000000a                        : interrupt.obj (.text:Interrupt_illegalOperationHandler)
                  000086d9    0000000a                        : interrupt.obj (.text:Interrupt_nmiHandler)
                  000086e3    00000009                        : sysctl.obj (.text:SysCtl_serviceWatchdog)
                  000086ec    00000009     rts2800_fpu32_eabi.lib : _lock.c.obj (.text)
                  000086f5    00000008     F2837xD_CodeStartBranch.obj (.text)
                  000086fd    00000008     rts2800_fpu32_eabi.lib : copy_decompress_none.c.obj (.text:decompress:none)
                  00008705    00000007     driverlib_eabi.lib : sysctl.obj (.text:SysCtl_resetMCD)
                  0000870c    00000002     rts2800_fpu32_eabi.lib : pre_init.c.obj (.text)

.text.2    0    0000b000    00000800     
                  0000b000    000003fd     device.obj (.text)
                  0000b3fd    00000209     driverlib_eabi.lib : sysctl.obj (.text:SysCtl_setClock)
                  0000b606    0000013f     timer.obj (.text)
                  0000b745    0000009b     gpio.obj (.text)
                  0000b7e0    0000001f     driverlib_eabi.lib : sysctl.obj (.text:CPUTimer_getTimerOverflowStatus)
                  0000b7ff    00000001     rts2800_fpu32_eabi.lib : startup.c.obj (.text)

MODULE SUMMARY

       Module                        code   ro data   rw data
       ------                        ----   -------   -------
    .\device\
       device.obj                    1021   19        6      
       F2837xD_CodeStartBranch.obj   10     0         0      
    +--+-----------------------------+------+---------+---------+
       Total:                        1031   19        6      
                                                             
    .\src\
       timer.obj                     402    128       4      
       gpio.obj                      155    0         0      
       xbar.obj                      64     62        0      
       clock.obj                     55     0         2      
       main.obj                      33     0         0      
    +--+-----------------------------+------+---------+---------+
       Total:                        709    190       6      
                                                             
    C:\ti\C2000Ware_6_00_01_00\driverlib\f2837xd\driverlib\ccs\Debug\driverlib_eabi.lib
       sysctl.obj                    1187   194       0      
       gpio.obj                      310    188       0      
       interrupt.obj                 214    0         0      
       xbar.obj                      46     0         0      
    +--+-----------------------------+------+---------+---------+
       Total:                        1757   382       0      
                                                             
    C:\ti\ccs2040\ccs\tools\compiler\ti-cgt-c2000_22.6.3.LTS\lib\rts2800_fpu32_eabi.lib
       fs_div28.asm.obj              136    0         0      
       exit.c.obj                    41     0         6      
       copy_decompress_lzss.c.obj    46     0         0      
       autoinit.c.obj                43     0         0      
       memcpy.c.obj                  29     0         0      
       boot28.asm.obj                23     0         0      
       _lock.c.obj                   9      0         4      
       copy_zero_init.c.obj          13     0         0      
       args_main.c.obj               12     0         0      
       copy_decompress_none.c.obj    8      0         0      
       pre_init.c.obj                2      0         0      
       startup.c.obj                 1      0         0      
    +--+-----------------------------+------+---------+---------+
       Total:                        363    0         10     
                                                             
       Stack:                        0      0         1016   
       Linker Generated:             0      28        0      
    +--+-----------------------------+------+---------+---------+
       Grand Total:                  3860   619       1038   


LINKER GENERATED COPY TABLES

__TI_cinit_table @ 0000013c records: 2, size/record: 4, table size: 8
	.data: load addr=00000128, load size=0000000a bytes, run addr=0000aa50, run size=00000014 bytes, compression=lzss
	.bss: load addr=00000138, load size=00000004 bytes, run addr=0000aa64, run size=00000002 bytes, compression=zero_init


LINKER GENERATED HANDLER TABLE

__TI_handler_table @ 00000132 records: 3, size/record: 2, table size: 6
	index: 0, handler: __TI_zero_init
	index: 1, handler: __TI_decompress_lzss
	index: 2, handler: __TI_decompress_none


GLOBAL DATA SYMBOLS: SORTED BY DATA PAGE

address     data page           name
--------    ----------------    ----
00000400      10 (00000400)     __stack

0000aa50     2a9 (0000aa40)     Example_Result
0000aa52     2a9 (0000aa40)     Example_PassCount
0000aa54     2a9 (0000aa40)     Example_Fail
0000aa56     2a9 (0000aa40)     __TI_enable_exit_profile_output
0000aa58     2a9 (0000aa40)     __TI_cleanup_ptr
0000aa5a     2a9 (0000aa40)     __TI_dtors_ptr
0000aa5c     2a9 (0000aa40)     led1_is_on
0000aa5e     2a9 (0000aa40)     timer1_counter
0000aa60     2a9 (0000aa40)     _lock
0000aa62     2a9 (0000aa40)     _unlock
0000aa64     2a9 (0000aa40)     sysclk_frequency


GLOBAL SYMBOLS: SORTED ALPHABETICALLY BY Name 

page  address   name                                     
----  -------   ----                                     
0     00008506  C$$EXIT                                  
0     0000b271  Device_bootCPU2                          
0     0000b240  Device_configureTMXAnalogTrim            
0     0000b0ee  Device_enableAllPeripherals              
0     0000b22a  Device_enableUnbondedGPIOPullups         
0     0000b20d  Device_enableUnbondedGPIOPullupsFor100Pin
0     0000b1fa  Device_enableUnbondedGPIOPullupsFor176Pin
0     0000b0ae  Device_init                              
0     0000b1d9  Device_initGPIO                          
1     0000aa54  Example_Fail                             
1     0000aa52  Example_PassCount                        
1     0000aa50  Example_Result                           
0     0000b3fc  Example_done                             
0     0000b3f7  Example_setResultFail                    
0     0000b3f2  Example_setResultPass                    
0     0000833b  GPIO_setControllerCore                   
0     0000844e  GPIO_setDirectionMode                    
0     000081d3  GPIO_setPadConfig                        
0     00008372  GPIO_setPinConfig                        
0     000083a9  GPIO_setQualificationMode                
0     00008615  Interrupt_defaultHandler                 
0     000083e0  Interrupt_enable                         
0     000086cf  Interrupt_illegalOperationHandler        
0     000082fe  Interrupt_initModule                     
0     00008578  Interrupt_initVectorTable                
0     000086d9  Interrupt_nmiHandler                     
0     00000123  SysCtl_delay                             
0     00008225  SysCtl_getClock                          
0     00008118  SysCtl_getDeviceParametric               
0     000085cd  SysCtl_getLowSpeedClock                  
0     00008276  SysCtl_selectOscSource                   
0     00008000  SysCtl_selectXTAL                        
0     0000b3fd  SysCtl_setClock                          
0     0000847f  XBAR_setOutputMuxConfig                  
0     0000013c  __TI_CINIT_Base                          
0     00000144  __TI_CINIT_Limit                         
0     00000144  __TI_CINIT_Warm                          
0     00000132  __TI_Handler_Table_Base                  
0     00000138  __TI_Handler_Table_Limit                 
1     000007f8  __TI_STACK_END                           
abs   000003f8  __TI_STACK_SIZE                          
0     000084db  __TI_auto_init_nobinit_nopinit           
1     0000aa58  __TI_cleanup_ptr                         
0     000084ad  __TI_decompress_lzss                     
0     000086fd  __TI_decompress_none                     
1     0000aa5a  __TI_dtors_ptr                           
1     0000aa56  __TI_enable_exit_profile_output          
abs   ffffffff  __TI_pprof_out_hndl                      
abs   ffffffff  __TI_prof_data_size                      
abs   ffffffff  __TI_prof_data_start                     
0     000086ab  __TI_zero_init_nomemset                  
0     00008090  __c28xabi_divf                           
n/a   UNDEFED   __c_args__                               
0     0000b3eb  __error__                                
1     00000400  __stack                                  
0     000086b8  _args_main                               
0     000085fe  _c_int00                                 
1     0000aa60  _lock                                    
0     000086f4  _nop                                     
0     000086f0  _register_lock                           
0     000086ec  _register_unlock                         
0     0000b7ff  _system_post_cinit                       
0     0000870c  _system_pre_init                         
1     0000aa62  _unlock                                  
0     00008506  abort                                    
0     00008437  clock_init                               
0     00000000  code_start                               
0     00008180  cpu_timer1_isr                           
0     00008508  exit                                     
0     0000b745  gpio_init                                
1     0000aa5c  led1_is_on                               
0     00008575  main                                     
0     00008596  memcpy                                   
1     0000aa64  sysclk_frequency                         
0     00008564  system_init                              
1     0000aa5e  timer1_counter                           
0     0000b709  timer_init                               
0     000082e1  xbar_init                                


GLOBAL SYMBOLS: SORTED BY Symbol Address 

page  address   name                                     
----  -------   ----                                     
0     00000000  code_start                               
0     00000123  SysCtl_delay                             
0     00000132  __TI_Handler_Table_Base                  
0     00000138  __TI_Handler_Table_Limit                 
0     0000013c  __TI_CINIT_Base                          
0     00000144  __TI_CINIT_Limit                         
0     00000144  __TI_CINIT_Warm                          
0     00008000  SysCtl_selectXTAL                        
0     00008090  __c28xabi_divf                           
0     00008118  SysCtl_getDeviceParametric               
0     00008180  cpu_timer1_isr                           
0     000081d3  GPIO_setPadConfig                        
0     00008225  SysCtl_getClock                          
0     00008276  SysCtl_selectOscSource                   
0     000082e1  xbar_init                                
0     000082fe  Interrupt_initModule                     
0     0000833b  GPIO_setControllerCore                   
0     00008372  GPIO_setPinConfig                        
0     000083a9  GPIO_setQualificationMode                
0     000083e0  Interrupt_enable                         
0     00008437  clock_init                               
0     0000844e  GPIO_setDirectionMode                    
0     0000847f  XBAR_setOutputMuxConfig                  
0     000084ad  __TI_decompress_lzss                     
0     000084db  __TI_auto_init_nobinit_nopinit           
0     00008506  C$$EXIT                                  
0     00008506  abort                                    
0     00008508  exit                                     
0     00008564  system_init                              
0     00008575  main                                     
0     00008578  Interrupt_initVectorTable                
0     00008596  memcpy                                   
0     000085cd  SysCtl_getLowSpeedClock                  
0     000085fe  _c_int00                                 
0     00008615  Interrupt_defaultHandler                 
0     000086ab  __TI_zero_init_nomemset                  
0     000086b8  _args_main                               
0     000086cf  Interrupt_illegalOperationHandler        
0     000086d9  Interrupt_nmiHandler                     
0     000086ec  _register_unlock                         
0     000086f0  _register_lock                           
0     000086f4  _nop                                     
0     000086fd  __TI_decompress_none                     
0     0000870c  _system_pre_init                         
0     0000b0ae  Device_init                              
0     0000b0ee  Device_enableAllPeripherals              
0     0000b1d9  Device_initGPIO                          
0     0000b1fa  Device_enableUnbondedGPIOPullupsFor176Pin
0     0000b20d  Device_enableUnbondedGPIOPullupsFor100Pin
0     0000b22a  Device_enableUnbondedGPIOPullups         
0     0000b240  Device_configureTMXAnalogTrim            
0     0000b271  Device_bootCPU2                          
0     0000b3eb  __error__                                
0     0000b3f2  Example_setResultPass                    
0     0000b3f7  Example_setResultFail                    
0     0000b3fc  Example_done                             
0     0000b3fd  SysCtl_setClock                          
0     0000b709  timer_init                               
0     0000b745  gpio_init                                
0     0000b7ff  _system_post_cinit                       
1     00000400  __stack                                  
1     000007f8  __TI_STACK_END                           
1     0000aa50  Example_Result                           
1     0000aa52  Example_PassCount                        
1     0000aa54  Example_Fail                             
1     0000aa56  __TI_enable_exit_profile_output          
1     0000aa58  __TI_cleanup_ptr                         
1     0000aa5a  __TI_dtors_ptr                           
1     0000aa5c  led1_is_on                               
1     0000aa5e  timer1_counter                           
1     0000aa60  _lock                                    
1     0000aa62  _unlock                                  
1     0000aa64  sysclk_frequency                         
abs   000003f8  __TI_STACK_SIZE                          
abs   ffffffff  __TI_pprof_out_hndl                      
abs   ffffffff  __TI_prof_data_size                      
abs   ffffffff  __TI_prof_data_start                     
n/a   UNDEFED   __c_args__                               

[78 symbols]
