<?xml version="1.0" encoding="ISO-8859-1" ?>
<link_info>
   <banner>TMS320C2000 Linker PC v22.6.3.LTS</banner>
   <copyright>Copyright (c) 1996-2018 Texas Instruments Incorporated</copyright>
   <link_time>0x699dcbfc</link_time>
   <link_errors>0x0</link_errors>
   <output_file>dab.out</output_file>
   <entry_point>
      <name>code_start</name>
      <address>0x0</address>
   </entry_point>
   <input_file_list>
      <input_file id="fl-2">
         <path>.\device\</path>
         <kind>object</kind>
         <file>F2837xD_CodeStartBranch.obj</file>
         <name>F2837xD_CodeStartBranch.obj</name>
      </input_file>
      <input_file id="fl-3">
         <path>.\device\</path>
         <kind>object</kind>
         <file>device.obj</file>
         <name>device.obj</name>
      </input_file>
      <input_file id="fl-4">
         <path>.\src\</path>
         <kind>object</kind>
         <file>adc.obj</file>
         <name>adc.obj</name>
      </input_file>
      <input_file id="fl-5">
         <path>.\src\</path>
         <kind>object</kind>
         <file>clock.obj</file>
         <name>clock.obj</name>
      </input_file>
      <input_file id="fl-6">
         <path>.\src\</path>
         <kind>object</kind>
         <file>controller.obj</file>
         <name>controller.obj</name>
      </input_file>
      <input_file id="fl-7">
         <path>.\src\</path>
         <kind>object</kind>
         <file>epwm.obj</file>
         <name>epwm.obj</name>
      </input_file>
      <input_file id="fl-8">
         <path>.\src\</path>
         <kind>object</kind>
         <file>gpio.obj</file>
         <name>gpio.obj</name>
      </input_file>
      <input_file id="fl-9">
         <path>.\src\</path>
         <kind>object</kind>
         <file>main.obj</file>
         <name>main.obj</name>
      </input_file>
      <input_file id="fl-a">
         <path>.\src\</path>
         <kind>object</kind>
         <file>scheduler.obj</file>
         <name>scheduler.obj</name>
      </input_file>
      <input_file id="fl-10">
         <kind>object</kind>
         <file>&lt;internal&gt;</file>
         <name>&lt;internal&gt;</name>
      </input_file>
      <input_file id="fl-17">
         <path>C:\ti\C2000Ware_6_00_01_00\driverlib\f2837xd\driverlib\ccs\Debug\</path>
         <kind>archive</kind>
         <file>driverlib_eabi.lib</file>
         <name>gpio.obj</name>
      </input_file>
      <input_file id="fl-18">
         <path>C:\ti\C2000Ware_6_00_01_00\driverlib\f2837xd\driverlib\ccs\Debug\</path>
         <kind>archive</kind>
         <file>driverlib_eabi.lib</file>
         <name>sysctl.obj</name>
      </input_file>
      <input_file id="fl-19">
         <path>C:\ti\C2000Ware_6_00_01_00\driverlib\f2837xd\driverlib\ccs\Debug\</path>
         <kind>archive</kind>
         <file>driverlib_eabi.lib</file>
         <name>xbar.obj</name>
      </input_file>
      <input_file id="fl-25">
         <path>C:\ti\ccs2040\ccs\tools\compiler\ti-cgt-c2000_22.6.3.LTS\lib\</path>
         <kind>archive</kind>
         <file>rts2800_fpu32_eabi.lib</file>
         <name>boot28.asm.obj</name>
      </input_file>
      <input_file id="fl-26">
         <path>C:\ti\ccs2040\ccs\tools\compiler\ti-cgt-c2000_22.6.3.LTS\lib\</path>
         <kind>archive</kind>
         <file>rts2800_fpu32_eabi.lib</file>
         <name>fs_div28.asm.obj</name>
      </input_file>
      <input_file id="fl-27">
         <path>C:\ti\ccs2040\ccs\tools\compiler\ti-cgt-c2000_22.6.3.LTS\lib\</path>
         <kind>archive</kind>
         <file>rts2800_fpu32_eabi.lib</file>
         <name>pre_init.c.obj</name>
      </input_file>
      <input_file id="fl-28">
         <path>C:\ti\ccs2040\ccs\tools\compiler\ti-cgt-c2000_22.6.3.LTS\lib\</path>
         <kind>archive</kind>
         <file>rts2800_fpu32_eabi.lib</file>
         <name>autoinit.c.obj</name>
      </input_file>
      <input_file id="fl-29">
         <path>C:\ti\ccs2040\ccs\tools\compiler\ti-cgt-c2000_22.6.3.LTS\lib\</path>
         <kind>archive</kind>
         <file>rts2800_fpu32_eabi.lib</file>
         <name>copy_zero_init.c.obj</name>
      </input_file>
      <input_file id="fl-2a">
         <path>C:\ti\ccs2040\ccs\tools\compiler\ti-cgt-c2000_22.6.3.LTS\lib\</path>
         <kind>archive</kind>
         <file>rts2800_fpu32_eabi.lib</file>
         <name>copy_decompress_none.c.obj</name>
      </input_file>
      <input_file id="fl-2b">
         <path>C:\ti\ccs2040\ccs\tools\compiler\ti-cgt-c2000_22.6.3.LTS\lib\</path>
         <kind>archive</kind>
         <file>rts2800_fpu32_eabi.lib</file>
         <name>copy_decompress_lzss.c.obj</name>
      </input_file>
      <input_file id="fl-2c">
         <path>C:\ti\ccs2040\ccs\tools\compiler\ti-cgt-c2000_22.6.3.LTS\lib\</path>
         <kind>archive</kind>
         <file>rts2800_fpu32_eabi.lib</file>
         <name>exit.c.obj</name>
      </input_file>
      <input_file id="fl-2d">
         <path>C:\ti\ccs2040\ccs\tools\compiler\ti-cgt-c2000_22.6.3.LTS\lib\</path>
         <kind>archive</kind>
         <file>rts2800_fpu32_eabi.lib</file>
         <name>_lock.c.obj</name>
      </input_file>
      <input_file id="fl-2e">
         <path>C:\ti\ccs2040\ccs\tools\compiler\ti-cgt-c2000_22.6.3.LTS\lib\</path>
         <kind>archive</kind>
         <file>rts2800_fpu32_eabi.lib</file>
         <name>args_main.c.obj</name>
      </input_file>
      <input_file id="fl-2f">
         <path>C:\ti\ccs2040\ccs\tools\compiler\ti-cgt-c2000_22.6.3.LTS\lib\</path>
         <kind>archive</kind>
         <file>rts2800_fpu32_eabi.lib</file>
         <name>memset.c.obj</name>
      </input_file>
      <input_file id="fl-30">
         <path>C:\ti\ccs2040\ccs\tools\compiler\ti-cgt-c2000_22.6.3.LTS\lib\</path>
         <kind>archive</kind>
         <file>rts2800_fpu32_eabi.lib</file>
         <name>cpy_tbl.c.obj</name>
      </input_file>
      <input_file id="fl-31">
         <path>C:\ti\ccs2040\ccs\tools\compiler\ti-cgt-c2000_22.6.3.LTS\lib\</path>
         <kind>archive</kind>
         <file>rts2800_fpu32_eabi.lib</file>
         <name>memcpy.c.obj</name>
      </input_file>
      <input_file id="fl-32">
         <path>C:\ti\ccs2040\ccs\tools\compiler\ti-cgt-c2000_22.6.3.LTS\lib\</path>
         <kind>archive</kind>
         <file>rts2800_fpu32_eabi.lib</file>
         <name>startup.c.obj</name>
      </input_file>
   </input_file_list>
   <object_component_list>
      <object_component id="oc-2d">
         <name>codestart</name>
         <load_address>0x0</load_address>
         <run_address>0x0</run_address>
         <size>0x2</size>
         <input_file_ref idref="fl-2"/>
      </object_component>
      <object_component id="oc-10c">
         <name>.text</name>
         <load_address>0x8000</load_address>
         <run_address>0x8000</run_address>
         <size>0x3fd</size>
         <input_file_ref idref="fl-3"/>
      </object_component>
      <object_component id="oc-e5">
         <name>.text</name>
         <load_address>0x83fd</load_address>
         <run_address>0x83fd</run_address>
         <size>0x66</size>
         <input_file_ref idref="fl-8"/>
      </object_component>
      <object_component id="oc-12f">
         <name>.text:GPIO_setPadConfig</name>
         <load_address>0x8463</load_address>
         <run_address>0x8463</run_address>
         <size>0x52</size>
         <input_file_ref idref="fl-17"/>
      </object_component>
      <object_component id="oc-118">
         <name>.text:SysCtl_getClock</name>
         <load_address>0x84b5</load_address>
         <run_address>0x84b5</run_address>
         <size>0x51</size>
         <input_file_ref idref="fl-18"/>
      </object_component>
      <object_component id="oc-17d">
         <name>.text:SysCtl_selectOscSource</name>
         <load_address>0x8506</load_address>
         <run_address>0x8506</run_address>
         <size>0x48</size>
         <input_file_ref idref="fl-18"/>
      </object_component>
      <object_component id="oc-16b">
         <name>.text:GPIO_setControllerCore</name>
         <load_address>0x854e</load_address>
         <run_address>0x854e</run_address>
         <size>0x37</size>
         <input_file_ref idref="fl-17"/>
      </object_component>
      <object_component id="oc-129">
         <name>.text:GPIO_setPinConfig</name>
         <load_address>0x8585</load_address>
         <run_address>0x8585</run_address>
         <size>0x37</size>
         <input_file_ref idref="fl-17"/>
      </object_component>
      <object_component id="oc-165">
         <name>.text:GPIO_setQualificationMode</name>
         <load_address>0x85bc</load_address>
         <run_address>0x85bc</run_address>
         <size>0x37</size>
         <input_file_ref idref="fl-17"/>
      </object_component>
      <object_component id="oc-15f">
         <name>.text:GPIO_setDirectionMode</name>
         <load_address>0x85f3</load_address>
         <run_address>0x85f3</run_address>
         <size>0x31</size>
         <input_file_ref idref="fl-17"/>
      </object_component>
      <object_component id="oc-11e">
         <name>.text:XBAR_setOutputMuxConfig</name>
         <load_address>0x8624</load_address>
         <run_address>0x8624</run_address>
         <size>0x2e</size>
         <input_file_ref idref="fl-19"/>
      </object_component>
      <object_component id="oc-20">
         <name>.text:decompress:lzss</name>
         <load_address>0x8652</load_address>
         <run_address>0x8652</run_address>
         <size>0x2e</size>
         <input_file_ref idref="fl-2b"/>
      </object_component>
      <object_component id="oc-87">
         <name>.text:__TI_auto_init_nobinit_nopinit</name>
         <load_address>0x8680</load_address>
         <run_address>0x8680</run_address>
         <size>0x2b</size>
         <input_file_ref idref="fl-28"/>
      </object_component>
      <object_component id="oc-7b">
         <name>.text</name>
         <load_address>0x86ab</load_address>
         <run_address>0x86ab</run_address>
         <size>0x29</size>
         <input_file_ref idref="fl-2c"/>
      </object_component>
      <object_component id="oc-1d8">
         <name>.text:CPUTimer_selectClockSource</name>
         <load_address>0x86d4</load_address>
         <run_address>0x86d4</run_address>
         <size>0x28</size>
         <input_file_ref idref="fl-18"/>
      </object_component>
      <object_component id="oc-203">
         <name>.text:CPUTimer_getTimerOverflowStatus</name>
         <load_address>0x86fc</load_address>
         <run_address>0x86fc</run_address>
         <size>0x1f</size>
         <input_file_ref idref="fl-18"/>
      </object_component>
      <object_component id="oc-35">
         <name>.text</name>
         <load_address>0x871b</load_address>
         <run_address>0x871b</run_address>
         <size>0x1d</size>
         <input_file_ref idref="fl-31"/>
      </object_component>
      <object_component id="oc-1e4">
         <name>.text:CPUTimer_startTimer</name>
         <load_address>0x8738</load_address>
         <run_address>0x8738</run_address>
         <size>0x1a</size>
         <input_file_ref idref="fl-18"/>
      </object_component>
      <object_component id="oc-159">
         <name>.text:SysCtl_getLowSpeedClock</name>
         <load_address>0x8752</load_address>
         <run_address>0x8752</run_address>
         <size>0x1a</size>
         <input_file_ref idref="fl-18"/>
      </object_component>
      <object_component id="oc-1f7">
         <name>.text:CPUTimer_isBaseValid</name>
         <load_address>0x876c</load_address>
         <run_address>0x876c</run_address>
         <size>0x17</size>
         <input_file_ref idref="fl-18"/>
      </object_component>
      <object_component id="oc-60">
         <name>.text</name>
         <load_address>0x8783</load_address>
         <run_address>0x8783</run_address>
         <size>0x17</size>
         <input_file_ref idref="fl-25"/>
      </object_component>
      <object_component id="oc-1cc">
         <name>.text:CPUTimer_stopTimer</name>
         <load_address>0x879a</load_address>
         <run_address>0x879a</run_address>
         <size>0x14</size>
         <input_file_ref idref="fl-18"/>
      </object_component>
      <object_component id="oc-1de">
         <name>.text:CPUTimer_clearOverflowFlag</name>
         <load_address>0x87ae</load_address>
         <run_address>0x87ae</run_address>
         <size>0x12</size>
         <input_file_ref idref="fl-18"/>
      </object_component>
      <object_component id="oc-1c6">
         <name>.text:CPUTimer_disableInterrupt</name>
         <load_address>0x87c0</load_address>
         <run_address>0x87c0</run_address>
         <size>0x12</size>
         <input_file_ref idref="fl-18"/>
      </object_component>
      <object_component id="oc-1d2">
         <name>.text:CPUTimer_setPeriod</name>
         <load_address>0x87d2</load_address>
         <run_address>0x87d2</run_address>
         <size>0x11</size>
         <input_file_ref idref="fl-18"/>
      </object_component>
      <object_component id="oc-1ea">
         <name>.text:SysCtl_pollCpuTimer</name>
         <load_address>0x87e3</load_address>
         <run_address>0x87e3</run_address>
         <size>0xf</size>
         <input_file_ref idref="fl-18"/>
      </object_component>
      <object_component id="oc-196">
         <name>.text:GPIO_isPinValid</name>
         <load_address>0x87f2</load_address>
         <run_address>0x87f2</run_address>
         <size>0xe</size>
         <input_file_ref idref="fl-17"/>
      </object_component>
      <object_component id="oc-3d">
         <name>.text:decompress:ZI:__TI_zero_init_nomemset</name>
         <load_address>0x8800</load_address>
         <run_address>0x8800</run_address>
         <size>0xd</size>
         <input_file_ref idref="fl-29"/>
      </object_component>
      <object_component id="oc-75">
         <name>.text</name>
         <load_address>0x880d</load_address>
         <run_address>0x880d</run_address>
         <size>0xc</size>
         <input_file_ref idref="fl-2e"/>
      </object_component>
      <object_component id="oc-177">
         <name>.text:SysCtl_isMCDClockFailureDetected</name>
         <load_address>0x8819</load_address>
         <run_address>0x8819</run_address>
         <size>0xb</size>
         <input_file_ref idref="fl-18"/>
      </object_component>
      <object_component id="oc-184">
         <name>.text:SysCtl_serviceWatchdog</name>
         <load_address>0x8824</load_address>
         <run_address>0x8824</run_address>
         <size>0x9</size>
         <input_file_ref idref="fl-18"/>
      </object_component>
      <object_component id="oc-f8">
         <name>.text</name>
         <load_address>0x882d</load_address>
         <run_address>0x882d</run_address>
         <size>0x9</size>
         <input_file_ref idref="fl-2d"/>
      </object_component>
      <object_component id="oc-26">
         <name>.text:decompress:none</name>
         <load_address>0x8836</load_address>
         <run_address>0x8836</run_address>
         <size>0x8</size>
         <input_file_ref idref="fl-2a"/>
      </object_component>
      <object_component id="oc-1f0">
         <name>.text:SysCtl_resetMCD</name>
         <load_address>0x883e</load_address>
         <run_address>0x883e</run_address>
         <size>0x7</size>
         <input_file_ref idref="fl-18"/>
      </object_component>
      <object_component id="oc-b7">
         <name>.text</name>
         <load_address>0x8845</load_address>
         <run_address>0x8845</run_address>
         <size>0x7</size>
         <input_file_ref idref="fl-9"/>
      </object_component>
      <object_component id="oc-6e">
         <name>.text</name>
         <load_address>0x884c</load_address>
         <run_address>0x884c</run_address>
         <size>0x2</size>
         <input_file_ref idref="fl-27"/>
      </object_component>
      <object_component id="oc-ca">
         <name>.text</name>
         <load_address>0x884e</load_address>
         <run_address>0x884e</run_address>
         <size>0x1</size>
         <input_file_ref idref="fl-32"/>
      </object_component>
      <object_component id="oc-eb">
         <name>.text</name>
         <load_address>0xb000</load_address>
         <run_address>0xb000</run_address>
         <size>0x407</size>
         <input_file_ref idref="fl-7"/>
      </object_component>
      <object_component id="oc-112">
         <name>.text:SysCtl_setClock</name>
         <load_address>0xb407</load_address>
         <run_address>0xb407</run_address>
         <size>0x209</size>
         <input_file_ref idref="fl-18"/>
      </object_component>
      <object_component id="oc-1b4">
         <name>.text:SysCtl_selectXTAL</name>
         <load_address>0xb610</load_address>
         <run_address>0xb610</run_address>
         <size>0x90</size>
         <input_file_ref idref="fl-18"/>
      </object_component>
      <object_component id="oc-13b">
         <name>.text</name>
         <load_address>0xb6a0</load_address>
         <run_address>0xb6a0</run_address>
         <size>0x88</size>
         <input_file_ref idref="fl-26"/>
      </object_component>
      <object_component id="oc-152">
         <name>.text:SysCtl_getDeviceParametric</name>
         <load_address>0xb728</load_address>
         <run_address>0xb728</run_address>
         <size>0x68</size>
         <input_file_ref idref="fl-18"/>
      </object_component>
      <object_component id="oc-df">
         <name>.text</name>
         <load_address>0xb790</load_address>
         <run_address>0xb790</run_address>
         <size>0x68</size>
         <input_file_ref idref="fl-5"/>
      </object_component>
      <object_component id="oc-49">
         <name>.text</name>
         <load_address>0xb7f8</load_address>
         <run_address>0xb7f8</run_address>
         <size>0x8</size>
         <input_file_ref idref="fl-2"/>
      </object_component>
      <object_component id="oc-241">
         <name>.cinit..data.load</name>
         <load_address>0x128</load_address>
         <run_address>0x128</run_address>
         <size>0x9</size>
      </object_component>
      <object_component id="oc-23e">
         <name>__TI_handler_table</name>
         <load_address>0x132</load_address>
         <run_address>0x132</run_address>
         <size>0x6</size>
      </object_component>
      <object_component id="oc-240">
         <name>.cinit..bss.load</name>
         <load_address>0x138</load_address>
         <run_address>0x138</run_address>
         <size>0x4</size>
      </object_component>
      <object_component id="oc-23f">
         <name>__TI_cinit_table</name>
         <load_address>0x13c</load_address>
         <run_address>0x13c</run_address>
         <size>0x8</size>
      </object_component>
      <object_component id="oc-32">
         <name>.stack</name>
         <uninitialized>true</uninitialized>
         <run_address>0x400</run_address>
         <size>0x0</size>
         <input_file_ref idref="fl-25"/>
      </object_component>
      <object_component id="oc-242">
         <name>.stack</name>
         <uninitialized>true</uninitialized>
         <run_address>0x400</run_address>
         <size>0x0</size>
      </object_component>
      <object_component id="oc-124">
         <name>.bss</name>
         <uninitialized>true</uninitialized>
         <run_address>0xaa26</run_address>
         <size>0x2</size>
         <input_file_ref idref="fl-5"/>
      </object_component>
      <object_component id="oc-176">
         <name>.const:.string</name>
         <load_address>0xa800</load_address>
         <run_address>0xa800</run_address>
         <size>0xc2</size>
         <input_file_ref idref="fl-18"/>
      </object_component>
      <object_component id="oc-19c">
         <name>.const:.string</name>
         <load_address>0xa8c2</load_address>
         <run_address>0xa8c2</run_address>
         <size>0xbc</size>
         <input_file_ref idref="fl-17"/>
      </object_component>
      <object_component id="oc-10b">
         <name>.const:.string</name>
         <load_address>0xa97e</load_address>
         <run_address>0xa97e</run_address>
         <size>0x3e</size>
         <input_file_ref idref="fl-5"/>
      </object_component>
      <object_component id="oc-137">
         <name>.const:.string</name>
         <load_address>0xa9bc</load_address>
         <run_address>0xa9bc</run_address>
         <size>0x3e</size>
         <input_file_ref idref="fl-7"/>
      </object_component>
      <object_component id="oc-158">
         <name>.const:.string</name>
         <load_address>0xa9fa</load_address>
         <run_address>0xa9fa</run_address>
         <size>0x13</size>
         <input_file_ref idref="fl-3"/>
      </object_component>
      <object_component id="oc-138">
         <name>.const:$P$T0$1</name>
         <load_address>0xaa0e</load_address>
         <run_address>0xaa0e</run_address>
         <size>0x8</size>
         <input_file_ref idref="fl-7"/>
      </object_component>
      <object_component id="oc-171">
         <name>.data</name>
         <load_address>0xaa16</load_address>
         <run_address>0xaa16</run_address>
         <size>0x6</size>
         <input_file_ref idref="fl-3"/>
      </object_component>
      <object_component id="oc-bf">
         <name>.data</name>
         <load_address>0xaa1c</load_address>
         <run_address>0xaa1c</run_address>
         <size>0x6</size>
         <input_file_ref idref="fl-2c"/>
      </object_component>
      <object_component id="oc-c2">
         <name>.data:_lock</name>
         <load_address>0xaa22</load_address>
         <run_address>0xaa22</run_address>
         <size>0x2</size>
         <input_file_ref idref="fl-2d"/>
      </object_component>
      <object_component id="oc-145">
         <name>.data:_unlock</name>
         <load_address>0xaa24</load_address>
         <run_address>0xaa24</run_address>
         <size>0x2</size>
         <input_file_ref idref="fl-2d"/>
      </object_component>
      <object_component id="oc-183">
         <name>.TI.ramfunc</name>
         <load_address>0x123</load_address>
         <run_address>0x123</run_address>
         <size>0x4</size>
         <input_file_ref idref="fl-18"/>
      </object_component>
      <object_component id="oc-2f">
         <name>.debug_info</name>
         <load_address>0x0</load_address>
         <run_address>0x0</run_address>
         <size>0x104</size>
         <input_file_ref idref="fl-2"/>
      </object_component>
      <object_component id="oc-4b">
         <name>.debug_info</name>
         <load_address>0x104</load_address>
         <run_address>0x104</run_address>
         <size>0x105</size>
         <input_file_ref idref="fl-2"/>
      </object_component>
      <object_component id="oc-172">
         <name>.debug_info</name>
         <load_address>0x209</load_address>
         <run_address>0x209</run_address>
         <size>0x14f</size>
         <input_file_ref idref="fl-3"/>
      </object_component>
      <object_component id="oc-10d">
         <name>.debug_info</name>
         <load_address>0x358</load_address>
         <run_address>0x358</run_address>
         <size>0x1ca6</size>
         <input_file_ref idref="fl-3"/>
      </object_component>
      <object_component id="oc-125">
         <name>.debug_info</name>
         <load_address>0x1ffe</load_address>
         <run_address>0x1ffe</run_address>
         <size>0xed</size>
         <input_file_ref idref="fl-5"/>
      </object_component>
      <object_component id="oc-e3">
         <name>.debug_info</name>
         <load_address>0x20eb</load_address>
         <run_address>0x20eb</run_address>
         <size>0x4ba</size>
         <input_file_ref idref="fl-5"/>
      </object_component>
      <object_component id="oc-139">
         <name>.debug_info</name>
         <load_address>0x25a5</load_address>
         <run_address>0x25a5</run_address>
         <size>0xda</size>
         <input_file_ref idref="fl-7"/>
      </object_component>
      <object_component id="oc-ef">
         <name>.debug_info</name>
         <load_address>0x267f</load_address>
         <run_address>0x267f</run_address>
         <size>0x1cda</size>
         <input_file_ref idref="fl-7"/>
      </object_component>
      <object_component id="oc-e8">
         <name>.debug_info</name>
         <load_address>0x4359</load_address>
         <run_address>0x4359</run_address>
         <size>0x2c7</size>
         <input_file_ref idref="fl-8"/>
      </object_component>
      <object_component id="oc-b9">
         <name>.debug_info</name>
         <load_address>0x4620</load_address>
         <run_address>0x4620</run_address>
         <size>0x122</size>
         <input_file_ref idref="fl-9"/>
      </object_component>
      <object_component id="oc-19a">
         <name>.debug_info</name>
         <load_address>0x4742</load_address>
         <run_address>0x4742</run_address>
         <size>0x205</size>
         <input_file_ref idref="fl-17"/>
      </object_component>
      <object_component id="oc-163">
         <name>.debug_info</name>
         <load_address>0x4947</load_address>
         <run_address>0x4947</run_address>
         <size>0x27d</size>
         <input_file_ref idref="fl-17"/>
      </object_component>
      <object_component id="oc-131">
         <name>.debug_info</name>
         <load_address>0x4bc4</load_address>
         <run_address>0x4bc4</run_address>
         <size>0x266</size>
         <input_file_ref idref="fl-17"/>
      </object_component>
      <object_component id="oc-168">
         <name>.debug_info</name>
         <load_address>0x4e2a</load_address>
         <run_address>0x4e2a</run_address>
         <size>0x2ae</size>
         <input_file_ref idref="fl-17"/>
      </object_component>
      <object_component id="oc-16c">
         <name>.debug_info</name>
         <load_address>0x50d8</load_address>
         <run_address>0x50d8</run_address>
         <size>0x296</size>
         <input_file_ref idref="fl-17"/>
      </object_component>
      <object_component id="oc-12a">
         <name>.debug_info</name>
         <load_address>0x536e</load_address>
         <run_address>0x536e</run_address>
         <size>0x24f</size>
         <input_file_ref idref="fl-17"/>
      </object_component>
      <object_component id="oc-186">
         <name>.debug_info</name>
         <load_address>0x55bd</load_address>
         <run_address>0x55bd</run_address>
         <size>0x1f2</size>
         <input_file_ref idref="fl-18"/>
      </object_component>
      <object_component id="oc-17a">
         <name>.debug_info</name>
         <load_address>0x57af</load_address>
         <run_address>0x57af</run_address>
         <size>0x20e</size>
         <input_file_ref idref="fl-18"/>
      </object_component>
      <object_component id="oc-1f1">
         <name>.debug_info</name>
         <load_address>0x59bd</load_address>
         <run_address>0x59bd</run_address>
         <size>0x1e4</size>
         <input_file_ref idref="fl-18"/>
      </object_component>
      <object_component id="oc-1f9">
         <name>.debug_info</name>
         <load_address>0x5ba1</load_address>
         <run_address>0x5ba1</run_address>
         <size>0x217</size>
         <input_file_ref idref="fl-18"/>
      </object_component>
      <object_component id="oc-1e0">
         <name>.debug_info</name>
         <load_address>0x5db8</load_address>
         <run_address>0x5db8</run_address>
         <size>0x244</size>
         <input_file_ref idref="fl-18"/>
      </object_component>
      <object_component id="oc-1c8">
         <name>.debug_info</name>
         <load_address>0x5ffc</load_address>
         <run_address>0x5ffc</run_address>
         <size>0x242</size>
         <input_file_ref idref="fl-18"/>
      </object_component>
      <object_component id="oc-1cd">
         <name>.debug_info</name>
         <load_address>0x623e</load_address>
         <run_address>0x623e</run_address>
         <size>0x24a</size>
         <input_file_ref idref="fl-18"/>
      </object_component>
      <object_component id="oc-1e7">
         <name>.debug_info</name>
         <load_address>0x6488</load_address>
         <run_address>0x6488</run_address>
         <size>0x24d</size>
         <input_file_ref idref="fl-18"/>
      </object_component>
      <object_component id="oc-1d4">
         <name>.debug_info</name>
         <load_address>0x66d5</load_address>
         <run_address>0x66d5</run_address>
         <size>0x24e</size>
         <input_file_ref idref="fl-18"/>
      </object_component>
      <object_component id="oc-205">
         <name>.debug_info</name>
         <load_address>0x6923</load_address>
         <run_address>0x6923</run_address>
         <size>0x258</size>
         <input_file_ref idref="fl-18"/>
      </object_component>
      <object_component id="oc-1db">
         <name>.debug_info</name>
         <load_address>0x6b7b</load_address>
         <run_address>0x6b7b</run_address>
         <size>0x27c</size>
         <input_file_ref idref="fl-18"/>
      </object_component>
      <object_component id="oc-1ec">
         <name>.debug_info</name>
         <load_address>0x6df7</load_address>
         <run_address>0x6df7</run_address>
         <size>0x241</size>
         <input_file_ref idref="fl-18"/>
      </object_component>
      <object_component id="oc-119">
         <name>.debug_info</name>
         <load_address>0x7038</load_address>
         <run_address>0x7038</run_address>
         <size>0x277</size>
         <input_file_ref idref="fl-18"/>
      </object_component>
      <object_component id="oc-113">
         <name>.debug_info</name>
         <load_address>0x72af</load_address>
         <run_address>0x72af</run_address>
         <size>0x519</size>
         <input_file_ref idref="fl-18"/>
      </object_component>
      <object_component id="oc-1b5">
         <name>.debug_info</name>
         <load_address>0x77c8</load_address>
         <run_address>0x77c8</run_address>
         <size>0x3ba</size>
         <input_file_ref idref="fl-18"/>
      </object_component>
      <object_component id="oc-17e">
         <name>.debug_info</name>
         <load_address>0x7b82</load_address>
         <run_address>0x7b82</run_address>
         <size>0x243</size>
         <input_file_ref idref="fl-18"/>
      </object_component>
      <object_component id="oc-15b">
         <name>.debug_info</name>
         <load_address>0x7dc5</load_address>
         <run_address>0x7dc5</run_address>
         <size>0x251</size>
         <input_file_ref idref="fl-18"/>
      </object_component>
      <object_component id="oc-153">
         <name>.debug_info</name>
         <load_address>0x8016</load_address>
         <run_address>0x8016</run_address>
         <size>0x241</size>
         <input_file_ref idref="fl-18"/>
      </object_component>
      <object_component id="oc-122">
         <name>.debug_info</name>
         <load_address>0x8257</load_address>
         <run_address>0x8257</run_address>
         <size>0x263</size>
         <input_file_ref idref="fl-19"/>
      </object_component>
      <object_component id="oc-61">
         <name>.debug_info</name>
         <load_address>0x84ba</load_address>
         <run_address>0x84ba</run_address>
         <size>0x140</size>
         <input_file_ref idref="fl-25"/>
      </object_component>
      <object_component id="oc-13d">
         <name>.debug_info</name>
         <load_address>0x85fa</load_address>
         <run_address>0x85fa</run_address>
         <size>0x10f</size>
         <input_file_ref idref="fl-26"/>
      </object_component>
      <object_component id="oc-71">
         <name>.debug_info</name>
         <load_address>0x8709</load_address>
         <run_address>0x8709</run_address>
         <size>0x135</size>
         <input_file_ref idref="fl-27"/>
      </object_component>
      <object_component id="oc-8a">
         <name>.debug_info</name>
         <load_address>0x883e</load_address>
         <run_address>0x883e</run_address>
         <size>0x1a7</size>
         <input_file_ref idref="fl-28"/>
      </object_component>
      <object_component id="oc-3f">
         <name>.debug_info</name>
         <load_address>0x89e5</load_address>
         <run_address>0x89e5</run_address>
         <size>0x19e</size>
         <input_file_ref idref="fl-29"/>
      </object_component>
      <object_component id="oc-2a">
         <name>.debug_info</name>
         <load_address>0x8b83</load_address>
         <run_address>0x8b83</run_address>
         <size>0x19f</size>
         <input_file_ref idref="fl-2a"/>
      </object_component>
      <object_component id="oc-22">
         <name>.debug_info</name>
         <load_address>0x8d22</load_address>
         <run_address>0x8d22</run_address>
         <size>0x1f4</size>
         <input_file_ref idref="fl-2b"/>
      </object_component>
      <object_component id="oc-c0">
         <name>.debug_info</name>
         <load_address>0x8f16</load_address>
         <run_address>0x8f16</run_address>
         <size>0x186</size>
         <input_file_ref idref="fl-2c"/>
      </object_component>
      <object_component id="oc-7c">
         <name>.debug_info</name>
         <load_address>0x909c</load_address>
         <run_address>0x909c</run_address>
         <size>0x191</size>
         <input_file_ref idref="fl-2c"/>
      </object_component>
      <object_component id="oc-c3">
         <name>.debug_info</name>
         <load_address>0x922d</load_address>
         <run_address>0x922d</run_address>
         <size>0xef</size>
         <input_file_ref idref="fl-2d"/>
      </object_component>
      <object_component id="oc-146">
         <name>.debug_info</name>
         <load_address>0x931c</load_address>
         <run_address>0x931c</run_address>
         <size>0xf3</size>
         <input_file_ref idref="fl-2d"/>
      </object_component>
      <object_component id="oc-f9">
         <name>.debug_info</name>
         <load_address>0x940f</load_address>
         <run_address>0x940f</run_address>
         <size>0x1eb</size>
         <input_file_ref idref="fl-2d"/>
      </object_component>
      <object_component id="oc-77">
         <name>.debug_info</name>
         <load_address>0x95fa</load_address>
         <run_address>0x95fa</run_address>
         <size>0x145</size>
         <input_file_ref idref="fl-2e"/>
      </object_component>
      <object_component id="oc-37">
         <name>.debug_info</name>
         <load_address>0x973f</load_address>
         <run_address>0x973f</run_address>
         <size>0x183</size>
         <input_file_ref idref="fl-31"/>
      </object_component>
      <object_component id="oc-cc">
         <name>.debug_info</name>
         <load_address>0x98c2</load_address>
         <run_address>0x98c2</run_address>
         <size>0x12f</size>
         <input_file_ref idref="fl-32"/>
      </object_component>
      <object_component id="oc-246">
         <name>.debug_info</name>
         <load_address>0x99f1</load_address>
         <run_address>0x99f1</run_address>
         <size>0xa4</size>
      </object_component>
      <object_component id="oc-31">
         <name>.debug_line</name>
         <load_address>0x0</load_address>
         <run_address>0x0</run_address>
         <size>0x55</size>
         <input_file_ref idref="fl-2"/>
      </object_component>
      <object_component id="oc-4d">
         <name>.debug_line</name>
         <load_address>0x55</load_address>
         <run_address>0x55</run_address>
         <size>0x5d</size>
         <input_file_ref idref="fl-2"/>
      </object_component>
      <object_component id="oc-1af">
         <name>.debug_line</name>
         <load_address>0xb2</load_address>
         <run_address>0xb2</run_address>
         <size>0x37</size>
         <input_file_ref idref="fl-3"/>
      </object_component>
      <object_component id="oc-111">
         <name>.debug_line</name>
         <load_address>0xe9</load_address>
         <run_address>0xe9</run_address>
         <size>0x3fd</size>
         <input_file_ref idref="fl-3"/>
      </object_component>
      <object_component id="oc-1b1">
         <name>.debug_line</name>
         <load_address>0x4e6</load_address>
         <run_address>0x4e6</run_address>
         <size>0xa5</size>
         <input_file_ref idref="fl-3"/>
      </object_component>
      <object_component id="oc-190">
         <name>.debug_line</name>
         <load_address>0x58b</load_address>
         <run_address>0x58b</run_address>
         <size>0x33</size>
         <input_file_ref idref="fl-5"/>
      </object_component>
      <object_component id="oc-e0">
         <name>.debug_line</name>
         <load_address>0x5be</load_address>
         <run_address>0x5be</run_address>
         <size>0x149</size>
         <input_file_ref idref="fl-5"/>
      </object_component>
      <object_component id="oc-192">
         <name>.debug_line</name>
         <load_address>0x707</load_address>
         <run_address>0x707</run_address>
         <size>0xe7</size>
         <input_file_ref idref="fl-5"/>
      </object_component>
      <object_component id="oc-1a2">
         <name>.debug_line</name>
         <load_address>0x7ee</load_address>
         <run_address>0x7ee</run_address>
         <size>0x32</size>
         <input_file_ref idref="fl-7"/>
      </object_component>
      <object_component id="oc-ed">
         <name>.debug_line</name>
         <load_address>0x820</load_address>
         <run_address>0x820</run_address>
         <size>0x433</size>
         <input_file_ref idref="fl-7"/>
      </object_component>
      <object_component id="oc-1a5">
         <name>.debug_line</name>
         <load_address>0xc53</load_address>
         <run_address>0xc53</run_address>
         <size>0xf2</size>
         <input_file_ref idref="fl-7"/>
      </object_component>
      <object_component id="oc-e7">
         <name>.debug_line</name>
         <load_address>0xd45</load_address>
         <run_address>0xd45</run_address>
         <size>0x58</size>
         <input_file_ref idref="fl-8"/>
      </object_component>
      <object_component id="oc-19f">
         <name>.debug_line</name>
         <load_address>0xd9d</load_address>
         <run_address>0xd9d</run_address>
         <size>0x21</size>
         <input_file_ref idref="fl-8"/>
      </object_component>
      <object_component id="oc-bc">
         <name>.debug_line</name>
         <load_address>0xdbe</load_address>
         <run_address>0xdbe</run_address>
         <size>0x45</size>
         <input_file_ref idref="fl-9"/>
      </object_component>
      <object_component id="oc-143">
         <name>.debug_line</name>
         <load_address>0xe03</load_address>
         <run_address>0xe03</run_address>
         <size>0x21</size>
         <input_file_ref idref="fl-9"/>
      </object_component>
      <object_component id="oc-199">
         <name>.debug_line</name>
         <load_address>0xe24</load_address>
         <run_address>0xe24</run_address>
         <size>0x98</size>
         <input_file_ref idref="fl-17"/>
      </object_component>
      <object_component id="oc-162">
         <name>.debug_line</name>
         <load_address>0xebc</load_address>
         <run_address>0xebc</run_address>
         <size>0xa2</size>
         <input_file_ref idref="fl-17"/>
      </object_component>
      <object_component id="oc-134">
         <name>.debug_line</name>
         <load_address>0xf5e</load_address>
         <run_address>0xf5e</run_address>
         <size>0xb1</size>
         <input_file_ref idref="fl-17"/>
      </object_component>
      <object_component id="oc-167">
         <name>.debug_line</name>
         <load_address>0x100f</load_address>
         <run_address>0x100f</run_address>
         <size>0x9f</size>
         <input_file_ref idref="fl-17"/>
      </object_component>
      <object_component id="oc-16f">
         <name>.debug_line</name>
         <load_address>0x10ae</load_address>
         <run_address>0x10ae</run_address>
         <size>0x9f</size>
         <input_file_ref idref="fl-17"/>
      </object_component>
      <object_component id="oc-12e">
         <name>.debug_line</name>
         <load_address>0x114d</load_address>
         <run_address>0x114d</run_address>
         <size>0x9f</size>
         <input_file_ref idref="fl-17"/>
      </object_component>
      <object_component id="oc-1c3">
         <name>.debug_line</name>
         <load_address>0x11ec</load_address>
         <run_address>0x11ec</run_address>
         <size>0xe4</size>
         <input_file_ref idref="fl-17"/>
      </object_component>
      <object_component id="oc-185">
         <name>.debug_line</name>
         <load_address>0x12d0</load_address>
         <run_address>0x12d0</run_address>
         <size>0x9d</size>
         <input_file_ref idref="fl-18"/>
      </object_component>
      <object_component id="oc-178">
         <name>.debug_line</name>
         <load_address>0x136d</load_address>
         <run_address>0x136d</run_address>
         <size>0x9a</size>
         <input_file_ref idref="fl-18"/>
      </object_component>
      <object_component id="oc-1f4">
         <name>.debug_line</name>
         <load_address>0x1407</load_address>
         <run_address>0x1407</run_address>
         <size>0x9c</size>
         <input_file_ref idref="fl-18"/>
      </object_component>
      <object_component id="oc-1f8">
         <name>.debug_line</name>
         <load_address>0x14a3</load_address>
         <run_address>0x14a3</run_address>
         <size>0x9c</size>
         <input_file_ref idref="fl-18"/>
      </object_component>
      <object_component id="oc-1df">
         <name>.debug_line</name>
         <load_address>0x153f</load_address>
         <run_address>0x153f</run_address>
         <size>0x9d</size>
         <input_file_ref idref="fl-18"/>
      </object_component>
      <object_component id="oc-1cb">
         <name>.debug_line</name>
         <load_address>0x15dc</load_address>
         <run_address>0x15dc</run_address>
         <size>0x9d</size>
         <input_file_ref idref="fl-18"/>
      </object_component>
      <object_component id="oc-1d0">
         <name>.debug_line</name>
         <load_address>0x1679</load_address>
         <run_address>0x1679</run_address>
         <size>0xa1</size>
         <input_file_ref idref="fl-18"/>
      </object_component>
      <object_component id="oc-1e5">
         <name>.debug_line</name>
         <load_address>0x171a</load_address>
         <run_address>0x171a</run_address>
         <size>0xa2</size>
         <input_file_ref idref="fl-18"/>
      </object_component>
      <object_component id="oc-1d3">
         <name>.debug_line</name>
         <load_address>0x17bc</load_address>
         <run_address>0x17bc</run_address>
         <size>0x9d</size>
         <input_file_ref idref="fl-18"/>
      </object_component>
      <object_component id="oc-204">
         <name>.debug_line</name>
         <load_address>0x1859</load_address>
         <run_address>0x1859</run_address>
         <size>0x9d</size>
         <input_file_ref idref="fl-18"/>
      </object_component>
      <object_component id="oc-1da">
         <name>.debug_line</name>
         <load_address>0x18f6</load_address>
         <run_address>0x18f6</run_address>
         <size>0xa7</size>
         <input_file_ref idref="fl-18"/>
      </object_component>
      <object_component id="oc-1eb">
         <name>.debug_line</name>
         <load_address>0x199d</load_address>
         <run_address>0x199d</run_address>
         <size>0xa1</size>
         <input_file_ref idref="fl-18"/>
      </object_component>
      <object_component id="oc-11c">
         <name>.debug_line</name>
         <load_address>0x1a3e</load_address>
         <run_address>0x1a3e</run_address>
         <size>0xb4</size>
         <input_file_ref idref="fl-18"/>
      </object_component>
      <object_component id="oc-116">
         <name>.debug_line</name>
         <load_address>0x1af2</load_address>
         <run_address>0x1af2</run_address>
         <size>0x19e</size>
         <input_file_ref idref="fl-18"/>
      </object_component>
      <object_component id="oc-1b8">
         <name>.debug_line</name>
         <load_address>0x1c90</load_address>
         <run_address>0x1c90</run_address>
         <size>0xd2</size>
         <input_file_ref idref="fl-18"/>
      </object_component>
      <object_component id="oc-181">
         <name>.debug_line</name>
         <load_address>0x1d62</load_address>
         <run_address>0x1d62</run_address>
         <size>0xbe</size>
         <input_file_ref idref="fl-18"/>
      </object_component>
      <object_component id="oc-15a">
         <name>.debug_line</name>
         <load_address>0x1e20</load_address>
         <run_address>0x1e20</run_address>
         <size>0xa1</size>
         <input_file_ref idref="fl-18"/>
      </object_component>
      <object_component id="oc-156">
         <name>.debug_line</name>
         <load_address>0x1ec1</load_address>
         <run_address>0x1ec1</run_address>
         <size>0xc7</size>
         <input_file_ref idref="fl-18"/>
      </object_component>
      <object_component id="oc-1bd">
         <name>.debug_line</name>
         <load_address>0x1f88</load_address>
         <run_address>0x1f88</run_address>
         <size>0x14b</size>
         <input_file_ref idref="fl-18"/>
      </object_component>
      <object_component id="oc-11f">
         <name>.debug_line</name>
         <load_address>0x20d3</load_address>
         <run_address>0x20d3</run_address>
         <size>0xa1</size>
         <input_file_ref idref="fl-19"/>
      </object_component>
      <object_component id="oc-1c0">
         <name>.debug_line</name>
         <load_address>0x2174</load_address>
         <run_address>0x2174</run_address>
         <size>0xe3</size>
         <input_file_ref idref="fl-19"/>
      </object_component>
      <object_component id="oc-64">
         <name>.debug_line</name>
         <load_address>0x2257</load_address>
         <run_address>0x2257</run_address>
         <size>0x4f</size>
         <input_file_ref idref="fl-25"/>
      </object_component>
      <object_component id="oc-13c">
         <name>.debug_line</name>
         <load_address>0x22a6</load_address>
         <run_address>0x22a6</run_address>
         <size>0xae</size>
         <input_file_ref idref="fl-26"/>
      </object_component>
      <object_component id="oc-70">
         <name>.debug_line</name>
         <load_address>0x2354</load_address>
         <run_address>0x2354</run_address>
         <size>0x3f</size>
         <input_file_ref idref="fl-27"/>
      </object_component>
      <object_component id="oc-c8">
         <name>.debug_line</name>
         <load_address>0x2393</load_address>
         <run_address>0x2393</run_address>
         <size>0x21</size>
         <input_file_ref idref="fl-27"/>
      </object_component>
      <object_component id="oc-89">
         <name>.debug_line</name>
         <load_address>0x23b4</load_address>
         <run_address>0x23b4</run_address>
         <size>0x74</size>
         <input_file_ref idref="fl-28"/>
      </object_component>
      <object_component id="oc-107">
         <name>.debug_line</name>
         <load_address>0x2428</load_address>
         <run_address>0x2428</run_address>
         <size>0x21</size>
         <input_file_ref idref="fl-28"/>
      </object_component>
      <object_component id="oc-41">
         <name>.debug_line</name>
         <load_address>0x2449</load_address>
         <run_address>0x2449</run_address>
         <size>0x4d</size>
         <input_file_ref idref="fl-29"/>
      </object_component>
      <object_component id="oc-6a">
         <name>.debug_line</name>
         <load_address>0x2496</load_address>
         <run_address>0x2496</run_address>
         <size>0x21</size>
         <input_file_ref idref="fl-29"/>
      </object_component>
      <object_component id="oc-29">
         <name>.debug_line</name>
         <load_address>0x24b7</load_address>
         <run_address>0x24b7</run_address>
         <size>0x57</size>
         <input_file_ref idref="fl-2a"/>
      </object_component>
      <object_component id="oc-55">
         <name>.debug_line</name>
         <load_address>0x250e</load_address>
         <run_address>0x250e</run_address>
         <size>0x21</size>
         <input_file_ref idref="fl-2a"/>
      </object_component>
      <object_component id="oc-25">
         <name>.debug_line</name>
         <load_address>0x252f</load_address>
         <run_address>0x252f</run_address>
         <size>0x9a</size>
         <input_file_ref idref="fl-2b"/>
      </object_component>
      <object_component id="oc-50">
         <name>.debug_line</name>
         <load_address>0x25c9</load_address>
         <run_address>0x25c9</run_address>
         <size>0x21</size>
         <input_file_ref idref="fl-2b"/>
      </object_component>
      <object_component id="oc-f7">
         <name>.debug_line</name>
         <load_address>0x25ea</load_address>
         <run_address>0x25ea</run_address>
         <size>0x2b</size>
         <input_file_ref idref="fl-2c"/>
      </object_component>
      <object_component id="oc-7f">
         <name>.debug_line</name>
         <load_address>0x2615</load_address>
         <run_address>0x2615</run_address>
         <size>0x66</size>
         <input_file_ref idref="fl-2c"/>
      </object_component>
      <object_component id="oc-102">
         <name>.debug_line</name>
         <load_address>0x267b</load_address>
         <run_address>0x267b</run_address>
         <size>0x21</size>
         <input_file_ref idref="fl-2c"/>
      </object_component>
      <object_component id="oc-ff">
         <name>.debug_line</name>
         <load_address>0x269c</load_address>
         <run_address>0x269c</run_address>
         <size>0x2c</size>
         <input_file_ref idref="fl-2d"/>
      </object_component>
      <object_component id="oc-1a8">
         <name>.debug_line</name>
         <load_address>0x26c8</load_address>
         <run_address>0x26c8</run_address>
         <size>0x2c</size>
         <input_file_ref idref="fl-2d"/>
      </object_component>
      <object_component id="oc-fd">
         <name>.debug_line</name>
         <load_address>0x26f4</load_address>
         <run_address>0x26f4</run_address>
         <size>0x5f</size>
         <input_file_ref idref="fl-2d"/>
      </object_component>
      <object_component id="oc-14a">
         <name>.debug_line</name>
         <load_address>0x2753</load_address>
         <run_address>0x2753</run_address>
         <size>0x21</size>
         <input_file_ref idref="fl-2d"/>
      </object_component>
      <object_component id="oc-7a">
         <name>.debug_line</name>
         <load_address>0x2774</load_address>
         <run_address>0x2774</run_address>
         <size>0x4e</size>
         <input_file_ref idref="fl-2e"/>
      </object_component>
      <object_component id="oc-f4">
         <name>.debug_line</name>
         <load_address>0x27c2</load_address>
         <run_address>0x27c2</run_address>
         <size>0x30</size>
         <input_file_ref idref="fl-2e"/>
      </object_component>
      <object_component id="oc-3a">
         <name>.debug_line</name>
         <load_address>0x27f2</load_address>
         <run_address>0x27f2</run_address>
         <size>0x63</size>
         <input_file_ref idref="fl-31"/>
      </object_component>
      <object_component id="oc-67">
         <name>.debug_line</name>
         <load_address>0x2855</load_address>
         <run_address>0x2855</run_address>
         <size>0x21</size>
         <input_file_ref idref="fl-31"/>
      </object_component>
      <object_component id="oc-cb">
         <name>.debug_line</name>
         <load_address>0x2876</load_address>
         <run_address>0x2876</run_address>
         <size>0x3b</size>
         <input_file_ref idref="fl-32"/>
      </object_component>
      <object_component id="oc-14d">
         <name>.debug_line</name>
         <load_address>0x28b1</load_address>
         <run_address>0x28b1</run_address>
         <size>0x21</size>
         <input_file_ref idref="fl-32"/>
      </object_component>
      <object_component id="oc-4e">
         <name>.debug_abbrev</name>
         <load_address>0x0</load_address>
         <run_address>0x0</run_address>
         <size>0x25</size>
         <input_file_ref idref="fl-2"/>
      </object_component>
      <object_component id="oc-65">
         <name>.debug_abbrev</name>
         <load_address>0x25</load_address>
         <run_address>0x25</run_address>
         <size>0x25</size>
         <input_file_ref idref="fl-2"/>
      </object_component>
      <object_component id="oc-1ae">
         <name>.debug_abbrev</name>
         <load_address>0x4a</load_address>
         <run_address>0x4a</run_address>
         <size>0x28</size>
         <input_file_ref idref="fl-3"/>
      </object_component>
      <object_component id="oc-174">
         <name>.debug_abbrev</name>
         <load_address>0x72</load_address>
         <run_address>0x72</run_address>
         <size>0x103</size>
         <input_file_ref idref="fl-3"/>
      </object_component>
      <object_component id="oc-1b0">
         <name>.debug_abbrev</name>
         <load_address>0x175</load_address>
         <run_address>0x175</run_address>
         <size>0xa5</size>
         <input_file_ref idref="fl-3"/>
      </object_component>
      <object_component id="oc-18f">
         <name>.debug_abbrev</name>
         <load_address>0x21a</load_address>
         <run_address>0x21a</run_address>
         <size>0x28</size>
         <input_file_ref idref="fl-5"/>
      </object_component>
      <object_component id="oc-127">
         <name>.debug_abbrev</name>
         <load_address>0x242</load_address>
         <run_address>0x242</run_address>
         <size>0x8b</size>
         <input_file_ref idref="fl-5"/>
      </object_component>
      <object_component id="oc-191">
         <name>.debug_abbrev</name>
         <load_address>0x2cd</load_address>
         <run_address>0x2cd</run_address>
         <size>0xad</size>
         <input_file_ref idref="fl-5"/>
      </object_component>
      <object_component id="oc-1a1">
         <name>.debug_abbrev</name>
         <load_address>0x37a</load_address>
         <run_address>0x37a</run_address>
         <size>0x26</size>
         <input_file_ref idref="fl-7"/>
      </object_component>
      <object_component id="oc-140">
         <name>.debug_abbrev</name>
         <load_address>0x3a0</load_address>
         <run_address>0x3a0</run_address>
         <size>0xae</size>
         <input_file_ref idref="fl-7"/>
      </object_component>
      <object_component id="oc-1a4">
         <name>.debug_abbrev</name>
         <load_address>0x44e</load_address>
         <run_address>0x44e</run_address>
         <size>0xb0</size>
         <input_file_ref idref="fl-7"/>
      </object_component>
      <object_component id="oc-135">
         <name>.debug_abbrev</name>
         <load_address>0x4fe</load_address>
         <run_address>0x4fe</run_address>
         <size>0x54</size>
         <input_file_ref idref="fl-8"/>
      </object_component>
      <object_component id="oc-19e">
         <name>.debug_abbrev</name>
         <load_address>0x552</load_address>
         <run_address>0x552</run_address>
         <size>0x2b</size>
         <input_file_ref idref="fl-8"/>
      </object_component>
      <object_component id="oc-f1">
         <name>.debug_abbrev</name>
         <load_address>0x57d</load_address>
         <run_address>0x57d</run_address>
         <size>0x4a</size>
         <input_file_ref idref="fl-9"/>
      </object_component>
      <object_component id="oc-142">
         <name>.debug_abbrev</name>
         <load_address>0x5c7</load_address>
         <run_address>0x5c7</run_address>
         <size>0x1c</size>
         <input_file_ref idref="fl-9"/>
      </object_component>
      <object_component id="oc-1c5">
         <name>.debug_abbrev</name>
         <load_address>0x5e3</load_address>
         <run_address>0x5e3</run_address>
         <size>0x5c</size>
         <input_file_ref idref="fl-17"/>
      </object_component>
      <object_component id="oc-1ab">
         <name>.debug_abbrev</name>
         <load_address>0x63f</load_address>
         <run_address>0x63f</run_address>
         <size>0x6a</size>
         <input_file_ref idref="fl-17"/>
      </object_component>
      <object_component id="oc-19d">
         <name>.debug_abbrev</name>
         <load_address>0x6a9</load_address>
         <run_address>0x6a9</run_address>
         <size>0x6a</size>
         <input_file_ref idref="fl-17"/>
      </object_component>
      <object_component id="oc-1ac">
         <name>.debug_abbrev</name>
         <load_address>0x713</load_address>
         <run_address>0x713</run_address>
         <size>0x6a</size>
         <input_file_ref idref="fl-17"/>
      </object_component>
      <object_component id="oc-1ad">
         <name>.debug_abbrev</name>
         <load_address>0x77d</load_address>
         <run_address>0x77d</run_address>
         <size>0x6a</size>
         <input_file_ref idref="fl-17"/>
      </object_component>
      <object_component id="oc-194">
         <name>.debug_abbrev</name>
         <load_address>0x7e7</load_address>
         <run_address>0x7e7</run_address>
         <size>0x5c</size>
         <input_file_ref idref="fl-17"/>
      </object_component>
      <object_component id="oc-1c2">
         <name>.debug_abbrev</name>
         <load_address>0x843</load_address>
         <run_address>0x843</run_address>
         <size>0x69</size>
         <input_file_ref idref="fl-17"/>
      </object_component>
      <object_component id="oc-1bb">
         <name>.debug_abbrev</name>
         <load_address>0x8ac</load_address>
         <run_address>0x8ac</run_address>
         <size>0x44</size>
         <input_file_ref idref="fl-18"/>
      </object_component>
      <object_component id="oc-1b3">
         <name>.debug_abbrev</name>
         <load_address>0x8f0</load_address>
         <run_address>0x8f0</run_address>
         <size>0x46</size>
         <input_file_ref idref="fl-18"/>
      </object_component>
      <object_component id="oc-20a">
         <name>.debug_abbrev</name>
         <load_address>0x936</load_address>
         <run_address>0x936</run_address>
         <size>0x44</size>
         <input_file_ref idref="fl-18"/>
      </object_component>
      <object_component id="oc-20b">
         <name>.debug_abbrev</name>
         <load_address>0x97a</load_address>
         <run_address>0x97a</run_address>
         <size>0x5c</size>
         <input_file_ref idref="fl-18"/>
      </object_component>
      <object_component id="oc-201">
         <name>.debug_abbrev</name>
         <load_address>0x9d6</load_address>
         <run_address>0x9d6</run_address>
         <size>0x68</size>
         <input_file_ref idref="fl-18"/>
      </object_component>
      <object_component id="oc-1fd">
         <name>.debug_abbrev</name>
         <load_address>0xa3e</load_address>
         <run_address>0xa3e</run_address>
         <size>0x68</size>
         <input_file_ref idref="fl-18"/>
      </object_component>
      <object_component id="oc-1fe">
         <name>.debug_abbrev</name>
         <load_address>0xaa6</load_address>
         <run_address>0xaa6</run_address>
         <size>0x68</size>
         <input_file_ref idref="fl-18"/>
      </object_component>
      <object_component id="oc-202">
         <name>.debug_abbrev</name>
         <load_address>0xb0e</load_address>
         <run_address>0xb0e</run_address>
         <size>0x68</size>
         <input_file_ref idref="fl-18"/>
      </object_component>
      <object_component id="oc-1ff">
         <name>.debug_abbrev</name>
         <load_address>0xb76</load_address>
         <run_address>0xb76</run_address>
         <size>0x68</size>
         <input_file_ref idref="fl-18"/>
      </object_component>
      <object_component id="oc-20c">
         <name>.debug_abbrev</name>
         <load_address>0xbde</load_address>
         <run_address>0xbde</run_address>
         <size>0x6a</size>
         <input_file_ref idref="fl-18"/>
      </object_component>
      <object_component id="oc-200">
         <name>.debug_abbrev</name>
         <load_address>0xc48</load_address>
         <run_address>0xc48</run_address>
         <size>0x68</size>
         <input_file_ref idref="fl-18"/>
      </object_component>
      <object_component id="oc-209">
         <name>.debug_abbrev</name>
         <load_address>0xcb0</load_address>
         <run_address>0xcb0</run_address>
         <size>0x52</size>
         <input_file_ref idref="fl-18"/>
      </object_component>
      <object_component id="oc-18c">
         <name>.debug_abbrev</name>
         <load_address>0xd02</load_address>
         <run_address>0xd02</run_address>
         <size>0x6c</size>
         <input_file_ref idref="fl-18"/>
      </object_component>
      <object_component id="oc-18a">
         <name>.debug_abbrev</name>
         <load_address>0xd6e</load_address>
         <run_address>0xd6e</run_address>
         <size>0x6c</size>
         <input_file_ref idref="fl-18"/>
      </object_component>
      <object_component id="oc-1f6">
         <name>.debug_abbrev</name>
         <load_address>0xdda</load_address>
         <run_address>0xdda</run_address>
         <size>0x5f</size>
         <input_file_ref idref="fl-18"/>
      </object_component>
      <object_component id="oc-1ba">
         <name>.debug_abbrev</name>
         <load_address>0xe39</load_address>
         <run_address>0xe39</run_address>
         <size>0x6a</size>
         <input_file_ref idref="fl-18"/>
      </object_component>
      <object_component id="oc-1aa">
         <name>.debug_abbrev</name>
         <load_address>0xea3</load_address>
         <run_address>0xea3</run_address>
         <size>0x6c</size>
         <input_file_ref idref="fl-18"/>
      </object_component>
      <object_component id="oc-1a9">
         <name>.debug_abbrev</name>
         <load_address>0xf0f</load_address>
         <run_address>0xf0f</run_address>
         <size>0x5e</size>
         <input_file_ref idref="fl-18"/>
      </object_component>
      <object_component id="oc-1bc">
         <name>.debug_abbrev</name>
         <load_address>0xf6d</load_address>
         <run_address>0xf6d</run_address>
         <size>0x8f</size>
         <input_file_ref idref="fl-18"/>
      </object_component>
      <object_component id="oc-18d">
         <name>.debug_abbrev</name>
         <load_address>0xffc</load_address>
         <run_address>0xffc</run_address>
         <size>0x5c</size>
         <input_file_ref idref="fl-19"/>
      </object_component>
      <object_component id="oc-1bf">
         <name>.debug_abbrev</name>
         <load_address>0x1058</load_address>
         <run_address>0x1058</run_address>
         <size>0x94</size>
         <input_file_ref idref="fl-19"/>
      </object_component>
      <object_component id="oc-81">
         <name>.debug_abbrev</name>
         <load_address>0x10ec</load_address>
         <run_address>0x10ec</run_address>
         <size>0x3d</size>
         <input_file_ref idref="fl-25"/>
      </object_component>
      <object_component id="oc-1a3">
         <name>.debug_abbrev</name>
         <load_address>0x1129</load_address>
         <run_address>0x1129</run_address>
         <size>0x3b</size>
         <input_file_ref idref="fl-26"/>
      </object_component>
      <object_component id="oc-85">
         <name>.debug_abbrev</name>
         <load_address>0x1164</load_address>
         <run_address>0x1164</run_address>
         <size>0x4b</size>
         <input_file_ref idref="fl-27"/>
      </object_component>
      <object_component id="oc-c7">
         <name>.debug_abbrev</name>
         <load_address>0x11af</load_address>
         <run_address>0x11af</run_address>
         <size>0x1c</size>
         <input_file_ref idref="fl-27"/>
      </object_component>
      <object_component id="oc-d0">
         <name>.debug_abbrev</name>
         <load_address>0x11cb</load_address>
         <run_address>0x11cb</run_address>
         <size>0x71</size>
         <input_file_ref idref="fl-28"/>
      </object_component>
      <object_component id="oc-106">
         <name>.debug_abbrev</name>
         <load_address>0x123c</load_address>
         <run_address>0x123c</run_address>
         <size>0xb3</size>
         <input_file_ref idref="fl-28"/>
      </object_component>
      <object_component id="oc-57">
         <name>.debug_abbrev</name>
         <load_address>0x12ef</load_address>
         <run_address>0x12ef</run_address>
         <size>0x5f</size>
         <input_file_ref idref="fl-29"/>
      </object_component>
      <object_component id="oc-69">
         <name>.debug_abbrev</name>
         <load_address>0x134e</load_address>
         <run_address>0x134e</run_address>
         <size>0x44</size>
         <input_file_ref idref="fl-29"/>
      </object_component>
      <object_component id="oc-3b">
         <name>.debug_abbrev</name>
         <load_address>0x1392</load_address>
         <run_address>0x1392</run_address>
         <size>0x6d</size>
         <input_file_ref idref="fl-2a"/>
      </object_component>
      <object_component id="oc-54">
         <name>.debug_abbrev</name>
         <load_address>0x13ff</load_address>
         <run_address>0x13ff</run_address>
         <size>0x44</size>
         <input_file_ref idref="fl-2a"/>
      </object_component>
      <object_component id="oc-33">
         <name>.debug_abbrev</name>
         <load_address>0x1443</load_address>
         <run_address>0x1443</run_address>
         <size>0x5f</size>
         <input_file_ref idref="fl-2b"/>
      </object_component>
      <object_component id="oc-4f">
         <name>.debug_abbrev</name>
         <load_address>0x14a2</load_address>
         <run_address>0x14a2</run_address>
         <size>0x44</size>
         <input_file_ref idref="fl-2b"/>
      </object_component>
      <object_component id="oc-f6">
         <name>.debug_abbrev</name>
         <load_address>0x14e6</load_address>
         <run_address>0x14e6</run_address>
         <size>0x28</size>
         <input_file_ref idref="fl-2c"/>
      </object_component>
      <object_component id="oc-c5">
         <name>.debug_abbrev</name>
         <load_address>0x150e</load_address>
         <run_address>0x150e</run_address>
         <size>0xa0</size>
         <input_file_ref idref="fl-2c"/>
      </object_component>
      <object_component id="oc-101">
         <name>.debug_abbrev</name>
         <load_address>0x15ae</load_address>
         <run_address>0x15ae</run_address>
         <size>0x57</size>
         <input_file_ref idref="fl-2c"/>
      </object_component>
      <object_component id="oc-fe">
         <name>.debug_abbrev</name>
         <load_address>0x1605</load_address>
         <run_address>0x1605</run_address>
         <size>0x28</size>
         <input_file_ref idref="fl-2d"/>
      </object_component>
      <object_component id="oc-1a7">
         <name>.debug_abbrev</name>
         <load_address>0x162d</load_address>
         <run_address>0x162d</run_address>
         <size>0x28</size>
         <input_file_ref idref="fl-2d"/>
      </object_component>
      <object_component id="oc-148">
         <name>.debug_abbrev</name>
         <load_address>0x1655</load_address>
         <run_address>0x1655</run_address>
         <size>0x5f</size>
         <input_file_ref idref="fl-2d"/>
      </object_component>
      <object_component id="oc-149">
         <name>.debug_abbrev</name>
         <load_address>0x16b4</load_address>
         <run_address>0x16b4</run_address>
         <size>0x3a</size>
         <input_file_ref idref="fl-2d"/>
      </object_component>
      <object_component id="oc-bd">
         <name>.debug_abbrev</name>
         <load_address>0x16ee</load_address>
         <run_address>0x16ee</run_address>
         <size>0x64</size>
         <input_file_ref idref="fl-2e"/>
      </object_component>
      <object_component id="oc-f3">
         <name>.debug_abbrev</name>
         <load_address>0x1752</load_address>
         <run_address>0x1752</run_address>
         <size>0x79</size>
         <input_file_ref idref="fl-2e"/>
      </object_component>
      <object_component id="oc-52">
         <name>.debug_abbrev</name>
         <load_address>0x17cb</load_address>
         <run_address>0x17cb</run_address>
         <size>0x61</size>
         <input_file_ref idref="fl-31"/>
      </object_component>
      <object_component id="oc-66">
         <name>.debug_abbrev</name>
         <load_address>0x182c</load_address>
         <run_address>0x182c</run_address>
         <size>0x44</size>
         <input_file_ref idref="fl-31"/>
      </object_component>
      <object_component id="oc-104">
         <name>.debug_abbrev</name>
         <load_address>0x1870</load_address>
         <run_address>0x1870</run_address>
         <size>0x49</size>
         <input_file_ref idref="fl-32"/>
      </object_component>
      <object_component id="oc-14c">
         <name>.debug_abbrev</name>
         <load_address>0x18b9</load_address>
         <run_address>0x18b9</run_address>
         <size>0x1c</size>
         <input_file_ref idref="fl-32"/>
      </object_component>
      <object_component id="oc-247">
         <name>.debug_abbrev</name>
         <load_address>0x18d5</load_address>
         <run_address>0x18d5</run_address>
         <size>0xf</size>
      </object_component>
      <object_component id="oc-2e">
         <name>.debug_aranges</name>
         <load_address>0x0</load_address>
         <run_address>0x0</run_address>
         <size>0x20</size>
         <input_file_ref idref="fl-2"/>
      </object_component>
      <object_component id="oc-4a">
         <name>.debug_aranges</name>
         <load_address>0x20</load_address>
         <run_address>0x20</run_address>
         <size>0x20</size>
         <input_file_ref idref="fl-2"/>
      </object_component>
      <object_component id="oc-10e">
         <name>.debug_aranges</name>
         <load_address>0x40</load_address>
         <run_address>0x40</run_address>
         <size>0xb8</size>
         <input_file_ref idref="fl-3"/>
      </object_component>
      <object_component id="oc-e2">
         <name>.debug_aranges</name>
         <load_address>0xf8</load_address>
         <run_address>0xf8</run_address>
         <size>0x40</size>
         <input_file_ref idref="fl-5"/>
      </object_component>
      <object_component id="oc-ee">
         <name>.debug_aranges</name>
         <load_address>0x138</load_address>
         <run_address>0x138</run_address>
         <size>0xd0</size>
         <input_file_ref idref="fl-7"/>
      </object_component>
      <object_component id="oc-ea">
         <name>.debug_aranges</name>
         <load_address>0x208</load_address>
         <run_address>0x208</run_address>
         <size>0x20</size>
         <input_file_ref idref="fl-8"/>
      </object_component>
      <object_component id="oc-bb">
         <name>.debug_aranges</name>
         <load_address>0x228</load_address>
         <run_address>0x228</run_address>
         <size>0x20</size>
         <input_file_ref idref="fl-9"/>
      </object_component>
      <object_component id="oc-197">
         <name>.debug_aranges</name>
         <load_address>0x248</load_address>
         <run_address>0x248</run_address>
         <size>0x20</size>
         <input_file_ref idref="fl-17"/>
      </object_component>
      <object_component id="oc-161">
         <name>.debug_aranges</name>
         <load_address>0x268</load_address>
         <run_address>0x268</run_address>
         <size>0x20</size>
         <input_file_ref idref="fl-17"/>
      </object_component>
      <object_component id="oc-132">
         <name>.debug_aranges</name>
         <load_address>0x288</load_address>
         <run_address>0x288</run_address>
         <size>0x20</size>
         <input_file_ref idref="fl-17"/>
      </object_component>
      <object_component id="oc-169">
         <name>.debug_aranges</name>
         <load_address>0x2a8</load_address>
         <run_address>0x2a8</run_address>
         <size>0x20</size>
         <input_file_ref idref="fl-17"/>
      </object_component>
      <object_component id="oc-16e">
         <name>.debug_aranges</name>
         <load_address>0x2c8</load_address>
         <run_address>0x2c8</run_address>
         <size>0x20</size>
         <input_file_ref idref="fl-17"/>
      </object_component>
      <object_component id="oc-12c">
         <name>.debug_aranges</name>
         <load_address>0x2e8</load_address>
         <run_address>0x2e8</run_address>
         <size>0x20</size>
         <input_file_ref idref="fl-17"/>
      </object_component>
      <object_component id="oc-187">
         <name>.debug_aranges</name>
         <load_address>0x308</load_address>
         <run_address>0x308</run_address>
         <size>0x20</size>
         <input_file_ref idref="fl-18"/>
      </object_component>
      <object_component id="oc-17b">
         <name>.debug_aranges</name>
         <load_address>0x328</load_address>
         <run_address>0x328</run_address>
         <size>0x20</size>
         <input_file_ref idref="fl-18"/>
      </object_component>
      <object_component id="oc-1f2">
         <name>.debug_aranges</name>
         <load_address>0x348</load_address>
         <run_address>0x348</run_address>
         <size>0x20</size>
         <input_file_ref idref="fl-18"/>
      </object_component>
      <object_component id="oc-1fa">
         <name>.debug_aranges</name>
         <load_address>0x368</load_address>
         <run_address>0x368</run_address>
         <size>0x20</size>
         <input_file_ref idref="fl-18"/>
      </object_component>
      <object_component id="oc-1e1">
         <name>.debug_aranges</name>
         <load_address>0x388</load_address>
         <run_address>0x388</run_address>
         <size>0x20</size>
         <input_file_ref idref="fl-18"/>
      </object_component>
      <object_component id="oc-1c9">
         <name>.debug_aranges</name>
         <load_address>0x3a8</load_address>
         <run_address>0x3a8</run_address>
         <size>0x20</size>
         <input_file_ref idref="fl-18"/>
      </object_component>
      <object_component id="oc-1cf">
         <name>.debug_aranges</name>
         <load_address>0x3c8</load_address>
         <run_address>0x3c8</run_address>
         <size>0x20</size>
         <input_file_ref idref="fl-18"/>
      </object_component>
      <object_component id="oc-1e9">
         <name>.debug_aranges</name>
         <load_address>0x3e8</load_address>
         <run_address>0x3e8</run_address>
         <size>0x20</size>
         <input_file_ref idref="fl-18"/>
      </object_component>
      <object_component id="oc-1d6">
         <name>.debug_aranges</name>
         <load_address>0x408</load_address>
         <run_address>0x408</run_address>
         <size>0x20</size>
         <input_file_ref idref="fl-18"/>
      </object_component>
      <object_component id="oc-206">
         <name>.debug_aranges</name>
         <load_address>0x428</load_address>
         <run_address>0x428</run_address>
         <size>0x20</size>
         <input_file_ref idref="fl-18"/>
      </object_component>
      <object_component id="oc-1dc">
         <name>.debug_aranges</name>
         <load_address>0x448</load_address>
         <run_address>0x448</run_address>
         <size>0x20</size>
         <input_file_ref idref="fl-18"/>
      </object_component>
      <object_component id="oc-1ed">
         <name>.debug_aranges</name>
         <load_address>0x468</load_address>
         <run_address>0x468</run_address>
         <size>0x20</size>
         <input_file_ref idref="fl-18"/>
      </object_component>
      <object_component id="oc-11a">
         <name>.debug_aranges</name>
         <load_address>0x488</load_address>
         <run_address>0x488</run_address>
         <size>0x20</size>
         <input_file_ref idref="fl-18"/>
      </object_component>
      <object_component id="oc-114">
         <name>.debug_aranges</name>
         <load_address>0x4a8</load_address>
         <run_address>0x4a8</run_address>
         <size>0x20</size>
         <input_file_ref idref="fl-18"/>
      </object_component>
      <object_component id="oc-1b6">
         <name>.debug_aranges</name>
         <load_address>0x4c8</load_address>
         <run_address>0x4c8</run_address>
         <size>0x20</size>
         <input_file_ref idref="fl-18"/>
      </object_component>
      <object_component id="oc-17f">
         <name>.debug_aranges</name>
         <load_address>0x4e8</load_address>
         <run_address>0x4e8</run_address>
         <size>0x20</size>
         <input_file_ref idref="fl-18"/>
      </object_component>
      <object_component id="oc-15c">
         <name>.debug_aranges</name>
         <load_address>0x508</load_address>
         <run_address>0x508</run_address>
         <size>0x20</size>
         <input_file_ref idref="fl-18"/>
      </object_component>
      <object_component id="oc-154">
         <name>.debug_aranges</name>
         <load_address>0x528</load_address>
         <run_address>0x528</run_address>
         <size>0x20</size>
         <input_file_ref idref="fl-18"/>
      </object_component>
      <object_component id="oc-120">
         <name>.debug_aranges</name>
         <load_address>0x548</load_address>
         <run_address>0x548</run_address>
         <size>0x20</size>
         <input_file_ref idref="fl-19"/>
      </object_component>
      <object_component id="oc-63">
         <name>.debug_aranges</name>
         <load_address>0x568</load_address>
         <run_address>0x568</run_address>
         <size>0x20</size>
         <input_file_ref idref="fl-25"/>
      </object_component>
      <object_component id="oc-13f">
         <name>.debug_aranges</name>
         <load_address>0x588</load_address>
         <run_address>0x588</run_address>
         <size>0x20</size>
         <input_file_ref idref="fl-26"/>
      </object_component>
      <object_component id="oc-72">
         <name>.debug_aranges</name>
         <load_address>0x5a8</load_address>
         <run_address>0x5a8</run_address>
         <size>0x20</size>
         <input_file_ref idref="fl-27"/>
      </object_component>
      <object_component id="oc-88">
         <name>.debug_aranges</name>
         <load_address>0x5c8</load_address>
         <run_address>0x5c8</run_address>
         <size>0x20</size>
         <input_file_ref idref="fl-28"/>
      </object_component>
      <object_component id="oc-3e">
         <name>.debug_aranges</name>
         <load_address>0x5e8</load_address>
         <run_address>0x5e8</run_address>
         <size>0x20</size>
         <input_file_ref idref="fl-29"/>
      </object_component>
      <object_component id="oc-27">
         <name>.debug_aranges</name>
         <load_address>0x608</load_address>
         <run_address>0x608</run_address>
         <size>0x20</size>
         <input_file_ref idref="fl-2a"/>
      </object_component>
      <object_component id="oc-24">
         <name>.debug_aranges</name>
         <load_address>0x628</load_address>
         <run_address>0x628</run_address>
         <size>0x20</size>
         <input_file_ref idref="fl-2b"/>
      </object_component>
      <object_component id="oc-7e">
         <name>.debug_aranges</name>
         <load_address>0x648</load_address>
         <run_address>0x648</run_address>
         <size>0x28</size>
         <input_file_ref idref="fl-2c"/>
      </object_component>
      <object_component id="oc-fa">
         <name>.debug_aranges</name>
         <load_address>0x670</load_address>
         <run_address>0x670</run_address>
         <size>0x30</size>
         <input_file_ref idref="fl-2d"/>
[...]
            <allocated_space>
               <start_address>0xa800</start_address>
               <size>0x216</size>
               <logical_group_ref idref="lg-b"/>
            </allocated_space>
            <allocated_space>
               <start_address>0xaa16</start_address>
               <size>0x10</size>
               <logical_group_ref idref="lg-c"/>
            </allocated_space>
            <allocated_space>
               <start_address>0xaa26</start_address>
               <size>0x2</size>
               <logical_group_ref idref="lg-8"/>
            </allocated_space>
            <available_space>
               <start_address>0xaa28</start_address>
               <size>0x5d8</size>
            </available_space>
         </usage_details>
      </memory_area>
      <memory_area display="yes" color="green">
         <name>RAMD1</name>
         <page_id>0x1</page_id>
         <origin>0xb800</origin>
         <length>0x800</length>
         <used_space>0x0</used_space>
         <unused_space>0x800</unused_space>
         <attributes>RWIX</attributes>
         <usage_details>
         </usage_details>
      </memory_area>
      <memory_area display="yes" color="green">
         <name>RAMGS0</name>
         <page_id>0x1</page_id>
         <origin>0xc000</origin>
         <length>0x1000</length>
         <used_space>0x0</used_space>
         <unused_space>0x1000</unused_space>
         <attributes>RWIX</attributes>
         <usage_details>
         </usage_details>
      </memory_area>
      <memory_area display="yes" color="green">
         <name>RAMGS1</name>
         <page_id>0x1</page_id>
         <origin>0xd000</origin>
         <length>0x1000</length>
         <used_space>0x0</used_space>
         <unused_space>0x1000</unused_space>
         <attributes>RWIX</attributes>
         <usage_details>
         </usage_details>
      </memory_area>
      <memory_area display="yes" color="green">
         <name>RAMGS2</name>
         <page_id>0x1</page_id>
         <origin>0xe000</origin>
         <length>0x1000</length>
         <used_space>0x0</used_space>
         <unused_space>0x1000</unused_space>
         <attributes>RWIX</attributes>
         <usage_details>
         </usage_details>
      </memory_area>
      <memory_area display="yes" color="green">
         <name>RAMGS3</name>
         <page_id>0x1</page_id>
         <origin>0xf000</origin>
         <length>0x1000</length>
         <used_space>0x0</used_space>
         <unused_space>0x1000</unused_space>
         <attributes>RWIX</attributes>
         <usage_details>
         </usage_details>
      </memory_area>
      <memory_area display="yes" color="green">
         <name>RAMGS4</name>
         <page_id>0x1</page_id>
         <origin>0x10000</origin>
         <length>0x1000</length>
         <used_space>0x0</used_space>
         <unused_space>0x1000</unused_space>
         <attributes>RWIX</attributes>
         <usage_details>
         </usage_details>
      </memory_area>
      <memory_area display="yes" color="green">
         <name>RAMGS5</name>
         <page_id>0x1</page_id>
         <origin>0x11000</origin>
         <length>0x1000</length>
         <used_space>0x0</used_space>
         <unused_space>0x1000</unused_space>
         <attributes>RWIX</attributes>
         <usage_details>
         </usage_details>
      </memory_area>
      <memory_area display="yes" color="green">
         <name>RAMGS6</name>
         <page_id>0x1</page_id>
         <origin>0x12000</origin>
         <length>0x1000</length>
         <used_space>0x0</used_space>
         <unused_space>0x1000</unused_space>
         <attributes>RWIX</attributes>
         <usage_details>
         </usage_details>
      </memory_area>
      <memory_area display="yes" color="green">
         <name>RAMGS7</name>
         <page_id>0x1</page_id>
         <origin>0x13000</origin>
         <length>0x1000</length>
         <used_space>0x0</used_space>
         <unused_space>0x1000</unused_space>
         <attributes>RWIX</attributes>
         <usage_details>
         </usage_details>
      </memory_area>
      <memory_area display="yes" color="green">
         <name>RAMGS8</name>
         <page_id>0x1</page_id>
         <origin>0x14000</origin>
         <length>0x1000</length>
         <used_space>0x0</used_space>
         <unused_space>0x1000</unused_space>
         <attributes>RWIX</attributes>
         <usage_details>
         </usage_details>
      </memory_area>
      <memory_area display="yes" color="green">
         <name>RAMGS9</name>
         <page_id>0x1</page_id>
         <origin>0x15000</origin>
         <length>0x1000</length>
         <used_space>0x0</used_space>
         <unused_space>0x1000</unused_space>
         <attributes>RWIX</attributes>
         <usage_details>
         </usage_details>
      </memory_area>
      <memory_area display="yes" color="green">
         <name>RAMGS10</name>
         <page_id>0x1</page_id>
         <origin>0x16000</origin>
         <length>0x1000</length>
         <used_space>0x0</used_space>
         <unused_space>0x1000</unused_space>
         <attributes>RWIX</attributes>
         <usage_details>
         </usage_details>
      </memory_area>
      <memory_area display="yes" color="green">
         <name>RAMGS11</name>
         <page_id>0x1</page_id>
         <origin>0x17000</origin>
         <length>0x1000</length>
         <used_space>0x0</used_space>
         <unused_space>0x1000</unused_space>
         <attributes>RWIX</attributes>
         <usage_details>
         </usage_details>
      </memory_area>
      <memory_area display="yes" color="green">
         <name>RAMGS12</name>
         <page_id>0x1</page_id>
         <origin>0x18000</origin>
         <length>0x1000</length>
         <used_space>0x0</used_space>
         <unused_space>0x1000</unused_space>
         <attributes>RWIX</attributes>
         <usage_details>
         </usage_details>
      </memory_area>
      <memory_area display="yes" color="green">
         <name>RAMGS13</name>
         <page_id>0x1</page_id>
         <origin>0x19000</origin>
         <length>0x1000</length>
         <used_space>0x0</used_space>
         <unused_space>0x1000</unused_space>
         <attributes>RWIX</attributes>
         <usage_details>
         </usage_details>
      </memory_area>
      <memory_area display="yes" color="green">
         <name>RAMGS14</name>
         <page_id>0x1</page_id>
         <origin>0x1a000</origin>
         <length>0x1000</length>
         <used_space>0x0</used_space>
         <unused_space>0x1000</unused_space>
         <attributes>RWIX</attributes>
         <usage_details>
         </usage_details>
      </memory_area>
      <memory_area display="yes" color="green">
         <name>RAMGS15</name>
         <page_id>0x1</page_id>
         <origin>0x1b000</origin>
         <length>0xff8</length>
         <used_space>0x0</used_space>
         <unused_space>0xff8</unused_space>
         <attributes>RWIX</attributes>
         <usage_details>
         </usage_details>
      </memory_area>
      <memory_area display="yes" color="green">
         <name>CPU2TOCPU1RAM</name>
         <page_id>0x1</page_id>
         <origin>0x3f800</origin>
         <length>0x400</length>
         <used_space>0x0</used_space>
         <unused_space>0x400</unused_space>
         <attributes>RWIX</attributes>
         <usage_details>
         </usage_details>
      </memory_area>
      <memory_area display="yes" color="green">
         <name>CPU1TOCPU2RAM</name>
         <page_id>0x1</page_id>
         <origin>0x3fc00</origin>
         <length>0x400</length>
         <used_space>0x0</used_space>
         <unused_space>0x400</unused_space>
         <attributes>RWIX</attributes>
         <usage_details>
         </usage_details>
      </memory_area>
      <memory_area display="yes" color="green">
         <name>CANA_MSG_RAM</name>
         <page_id>0x1</page_id>
         <origin>0x49000</origin>
         <length>0x800</length>
         <used_space>0x0</used_space>
         <unused_space>0x800</unused_space>
         <attributes>RWIX</attributes>
         <usage_details>
         </usage_details>
      </memory_area>
      <memory_area display="yes" color="green">
         <name>CANB_MSG_RAM</name>
         <page_id>0x1</page_id>
         <origin>0x4b000</origin>
         <length>0x800</length>
         <used_space>0x0</used_space>
         <unused_space>0x800</unused_space>
         <attributes>RWIX</attributes>
         <usage_details>
         </usage_details>
      </memory_area>
   </placement_map>
   <cptbl_list>
      <cptbl>
         <name>__TI_cinit_table</name>
         <cprec>
            <name>.data</name>
            <load_address>0x128</load_address>
            <load_size>0x9</load_size>
            <run_address>0xaa16</run_address>
            <run_size>0x10</run_size>
            <compression>lzss</compression>
         </cprec>
         <cprec>
            <name>.bss</name>
            <load_address>0x138</load_address>
            <load_size>0x4</load_size>
            <run_address>0xaa26</run_address>
            <run_size>0x2</run_size>
            <compression>zero_init</compression>
         </cprec>
      </cptbl>
   </cptbl_list>
   <handler_table>
      <handler_table_name>__TI_handler_table</handler_table_name>
      <handler>
         <index>0x0</index>
         <name>__TI_zero_init</name>
      </handler>
      <handler>
         <index>0x1</index>
         <name>__TI_decompress_lzss</name>
      </handler>
      <handler>
         <index>0x2</index>
         <name>__TI_decompress_none</name>
      </handler>
   </handler_table>
   <symbol_table>
      <symbol id="sm-1">
         <name>__TI_CINIT_Base</name>
         <value>0x13c</value>
      </symbol>
      <symbol id="sm-2">
         <name>__TI_CINIT_Limit</name>
         <value>0x144</value>
      </symbol>
      <symbol id="sm-3">
         <name>__TI_CINIT_Warm</name>
         <value>0x144</value>
      </symbol>
      <symbol id="sm-4">
         <name>__TI_Handler_Table_Base</name>
         <value>0x132</value>
      </symbol>
      <symbol id="sm-5">
         <name>__TI_Handler_Table_Limit</name>
         <value>0x138</value>
      </symbol>
      <symbol id="sm-6">
         <name>__TI_STACK_SIZE</name>
         <value>0x3f8</value>
      </symbol>
      <symbol id="sm-7">
         <name>__TI_STACK_END</name>
         <value>0x7f8</value>
      </symbol>
      <symbol id="sm-8">
         <name>__TI_pprof_out_hndl</name>
         <value>0xffffffff</value>
      </symbol>
      <symbol id="sm-9">
         <name>__TI_prof_data_start</name>
         <value>0xffffffff</value>
      </symbol>
      <symbol id="sm-a">
         <name>__TI_prof_data_size</name>
         <value>0xffffffff</value>
      </symbol>
      <symbol id="sm-3f">
         <name>code_start</name>
         <value>0x0</value>
         <object_component_ref idref="oc-2d"/>
      </symbol>
      <symbol id="sm-71">
         <name>Device_enableAllPeripherals</name>
         <value>0x80ee</value>
         <object_component_ref idref="oc-10c"/>
      </symbol>
      <symbol id="sm-72">
         <name>Device_initGPIO</name>
         <value>0x81d9</value>
         <object_component_ref idref="oc-10c"/>
      </symbol>
      <symbol id="sm-73">
         <name>Example_Fail</name>
         <value>0xaa1a</value>
         <object_component_ref idref="oc-171"/>
      </symbol>
      <symbol id="sm-74">
         <name>Example_setResultFail</name>
         <value>0x83f7</value>
         <object_component_ref idref="oc-10c"/>
      </symbol>
      <symbol id="sm-75">
         <name>Device_bootCPU2</name>
         <value>0x8271</value>
         <object_component_ref idref="oc-10c"/>
      </symbol>
      <symbol id="sm-76">
         <name>Device_init</name>
         <value>0x80ae</value>
         <object_component_ref idref="oc-10c"/>
      </symbol>
      <symbol id="sm-77">
         <name>Example_Result</name>
         <value>0xaa16</value>
         <object_component_ref idref="oc-171"/>
      </symbol>
      <symbol id="sm-78">
         <name>Device_enableUnbondedGPIOPullups</name>
         <value>0x822a</value>
         <object_component_ref idref="oc-10c"/>
      </symbol>
      <symbol id="sm-79">
         <name>__error__</name>
         <value>0x83eb</value>
         <object_component_ref idref="oc-10c"/>
      </symbol>
      <symbol id="sm-7a">
         <name>Example_setResultPass</name>
         <value>0x83f2</value>
         <object_component_ref idref="oc-10c"/>
      </symbol>
      <symbol id="sm-7b">
         <name>Device_configureTMXAnalogTrim</name>
         <value>0x8240</value>
         <object_component_ref idref="oc-10c"/>
      </symbol>
      <symbol id="sm-7c">
         <name>Device_enableUnbondedGPIOPullupsFor176Pin</name>
         <value>0x81fa</value>
         <object_component_ref idref="oc-10c"/>
      </symbol>
      <symbol id="sm-7d">
         <name>Example_done</name>
         <value>0x83fc</value>
         <object_component_ref idref="oc-10c"/>
      </symbol>
      <symbol id="sm-7e">
         <name>Example_PassCount</name>
         <value>0xaa18</value>
         <object_component_ref idref="oc-171"/>
      </symbol>
      <symbol id="sm-7f">
         <name>Device_enableUnbondedGPIOPullupsFor100Pin</name>
         <value>0x820d</value>
         <object_component_ref idref="oc-10c"/>
      </symbol>
      <symbol id="sm-99">
         <name>sysclk_frequency</name>
         <value>0xaa26</value>
         <object_component_ref idref="oc-124"/>
      </symbol>
      <symbol id="sm-9a">
         <name>clock_init</name>
         <value>0xb7d3</value>
         <object_component_ref idref="oc-df"/>
      </symbol>
      <symbol id="sm-ee">
         <name>epwm_init</name>
         <value>0xb2b7</value>
         <object_component_ref idref="oc-eb"/>
      </symbol>
      <symbol id="sm-fb">
         <name>gpio_init</name>
         <value>0x83fd</value>
         <object_component_ref idref="oc-e5"/>
      </symbol>
      <symbol id="sm-109">
         <name>main</name>
         <value>0x8845</value>
         <object_component_ref idref="oc-b7"/>
      </symbol>
      <symbol id="sm-14c">
         <name>GPIO_setQualificationMode</name>
         <value>0x85bc</value>
         <object_component_ref idref="oc-165"/>
      </symbol>
      <symbol id="sm-14d">
         <name>GPIO_setPadConfig</name>
         <value>0x8463</value>
         <object_component_ref idref="oc-12f"/>
      </symbol>
      <symbol id="sm-14e">
         <name>GPIO_setDirectionMode</name>
         <value>0x85f3</value>
         <object_component_ref idref="oc-15f"/>
      </symbol>
      <symbol id="sm-14f">
         <name>GPIO_setPinConfig</name>
         <value>0x8585</value>
         <object_component_ref idref="oc-129"/>
      </symbol>
      <symbol id="sm-150">
         <name>GPIO_setControllerCore</name>
         <value>0x854e</value>
         <object_component_ref idref="oc-16b"/>
      </symbol>
      <symbol id="sm-229">
         <name>SysCtl_delay</name>
         <value>0x123</value>
         <object_component_ref idref="oc-183"/>
      </symbol>
      <symbol id="sm-22a">
         <name>SysCtl_getDeviceParametric</name>
         <value>0xb728</value>
         <object_component_ref idref="oc-152"/>
      </symbol>
      <symbol id="sm-22b">
         <name>SysCtl_selectXTAL</name>
         <value>0xb610</value>
         <object_component_ref idref="oc-1b4"/>
      </symbol>
      <symbol id="sm-22c">
         <name>SysCtl_selectOscSource</name>
         <value>0x8506</value>
         <object_component_ref idref="oc-17d"/>
      </symbol>
      <symbol id="sm-22d">
         <name>SysCtl_getLowSpeedClock</name>
         <value>0x8752</value>
         <object_component_ref idref="oc-159"/>
      </symbol>
      <symbol id="sm-22e">
         <name>SysCtl_setClock</name>
         <value>0xb407</value>
         <object_component_ref idref="oc-112"/>
      </symbol>
      <symbol id="sm-22f">
         <name>SysCtl_getClock</name>
         <value>0x84b5</value>
         <object_component_ref idref="oc-118"/>
      </symbol>
      <symbol id="sm-23e">
         <name>XBAR_setOutputMuxConfig</name>
         <value>0x8624</value>
         <object_component_ref idref="oc-11e"/>
      </symbol>
      <symbol id="sm-248">
         <name>_c_int00</name>
         <value>0x8783</value>
         <object_component_ref idref="oc-60"/>
      </symbol>
      <symbol id="sm-249">
         <name>__stack</name>
         <value>0x400</value>
         <object_component_ref idref="oc-32"/>
      </symbol>
      <symbol id="sm-256">
         <name>__c28xabi_divf</name>
         <value>0xb6a0</value>
         <object_component_ref idref="oc-13b"/>
      </symbol>
      <symbol id="sm-263">
         <name>_system_pre_init</name>
         <value>0x884c</value>
         <object_component_ref idref="oc-6e"/>
      </symbol>
      <symbol id="sm-272">
         <name>__TI_auto_init_nobinit_nopinit</name>
         <value>0x8680</value>
         <object_component_ref idref="oc-87"/>
      </symbol>
      <symbol id="sm-281">
         <name>__TI_zero_init_nomemset</name>
         <value>0x8800</value>
         <object_component_ref idref="oc-3d"/>
      </symbol>
      <symbol id="sm-28e">
         <name>__TI_decompress_none</name>
         <value>0x8836</value>
         <object_component_ref idref="oc-26"/>
      </symbol>
      <symbol id="sm-2a2">
         <name>__TI_decompress_lzss</name>
         <value>0x8652</value>
         <object_component_ref idref="oc-20"/>
      </symbol>
      <symbol id="sm-2b8">
         <name>C$$EXIT</name>
         <value>0x86ab</value>
         <object_component_ref idref="oc-7b"/>
      </symbol>
      <symbol id="sm-2b9">
         <name>abort</name>
         <value>0x86ab</value>
         <object_component_ref idref="oc-7b"/>
      </symbol>
      <symbol id="sm-2ba">
         <name>exit</name>
         <value>0x86ad</value>
         <object_component_ref idref="oc-7b"/>
      </symbol>
      <symbol id="sm-2bb">
         <name>__TI_dtors_ptr</name>
         <value>0xaa20</value>
         <object_component_ref idref="oc-bf"/>
      </symbol>
      <symbol id="sm-2bc">
         <name>__TI_cleanup_ptr</name>
         <value>0xaa1e</value>
         <object_component_ref idref="oc-bf"/>
      </symbol>
      <symbol id="sm-2bd">
         <name>__TI_enable_exit_profile_output</name>
         <value>0xaa1c</value>
         <object_component_ref idref="oc-bf"/>
      </symbol>
      <symbol id="sm-2d4">
         <name>_nop</name>
         <value>0x8835</value>
         <object_component_ref idref="oc-f8"/>
      </symbol>
      <symbol id="sm-2d5">
         <name>_lock</name>
         <value>0xaa22</value>
         <object_component_ref idref="oc-c2"/>
      </symbol>
      <symbol id="sm-2d6">
         <name>_unlock</name>
         <value>0xaa24</value>
         <object_component_ref idref="oc-145"/>
      </symbol>
      <symbol id="sm-2d7">
         <name>_register_lock</name>
         <value>0x8831</value>
         <object_component_ref idref="oc-f8"/>
      </symbol>
      <symbol id="sm-2d8">
         <name>_register_unlock</name>
         <value>0x882d</value>
         <object_component_ref idref="oc-f8"/>
      </symbol>
      <symbol id="sm-2e7">
         <name>_args_main</name>
         <value>0x880d</value>
         <object_component_ref idref="oc-75"/>
      </symbol>
      <symbol id="sm-2fb">
         <name>memcpy</name>
         <value>0x871b</value>
         <object_component_ref idref="oc-35"/>
      </symbol>
      <symbol id="sm-308">
         <name>_system_post_cinit</name>
         <value>0x884e</value>
         <object_component_ref idref="oc-ca"/>
      </symbol>
      <symbol id="sm-30a">
         <name>__c_args__</name>
         <value>0x0</value>
      </symbol>
   </symbol_table>
   <title>Link successful</title>
</link_info>
